Archive member included to satisfy reference by file (symbol)

D:/STM32CubeIDE/install/STM32CubeIDE_1.16.0/STM32CubeIDE/plugins/com.st.stm32cube.ide.mcu.externaltools.gnu-tools-for-stm32.12.3.rel1.win32_1.0.200.202406191623/tools/bin/../lib/gcc/arm-none-eabi/12.3.1/../../../../arm-none-eabi/lib/thumb/v7-m/nofp\libc_nano.a(libc_a-exit.o)
                              D:/STM32CubeIDE/install/STM32CubeIDE_1.16.0/STM32CubeIDE/plugins/com.st.stm32cube.ide.mcu.externaltools.gnu-tools-for-stm32.12.3.rel1.win32_1.0.200.202406191623/tools/bin/../lib/gcc/arm-none-eabi/12.3.1/../../../../arm-none-eabi/lib/thumb/v7-m/nofp/crt0.o (exit)
D:/STM32CubeIDE/install/STM32CubeIDE_1.16.0/STM32CubeIDE/plugins/com.st.stm32cube.ide.mcu.externaltools.gnu-tools-for-stm32.12.3.rel1.win32_1.0.200.202406191623/tools/bin/../lib/gcc/arm-none-eabi/12.3.1/../../../../arm-none-eabi/lib/thumb/v7-m/nofp\libc_nano.a(libc_a-findfp.o)
                              D:/STM32CubeIDE/install/STM32CubeIDE_1.16.0/STM32CubeIDE/plugins/com.st.stm32cube.ide.mcu.externaltools.gnu-tools-for-stm32.12.3.rel1.win32_1.0.200.202406191623/tools/bin/../lib/gcc/arm-none-eabi/12.3.1/../../../../arm-none-eabi/lib/thumb/v7-m/nofp\libc_nano.a(libc_a-exit.o) (__stdio_exit_handler)
D:/STM32CubeIDE/install/STM32CubeIDE_1.16.0/STM32CubeIDE/plugins/com.st.stm32cube.ide.mcu.externaltools.gnu-tools-for-stm32.12.3.rel1.win32_1.0.200.202406191623/tools/bin/../lib/gcc/arm-none-eabi/12.3.1/../../../../arm-none-eabi/lib/thumb/v7-m/nofp\libc_nano.a(libc_a-fwalk.o)
                              D:/STM32CubeIDE/install/STM32CubeIDE_1.16.0/STM32CubeIDE/plugins/com.st.stm32cube.ide.mcu.externaltools.gnu-tools-for-stm32.12.3.rel1.win32_1.0.200.202406191623/tools/bin/../lib/gcc/arm-none-eabi/12.3.1/../../../../arm-none-eabi/lib/thumb/v7-m/nofp\libc_nano.a(libc_a-findfp.o) (_fwalk_sglue)
D:/STM32CubeIDE/install/STM32CubeIDE_1.16.0/STM32CubeIDE/plugins/com.st.stm32cube.ide.mcu.externaltools.gnu-tools-for-stm32.12.3.rel1.win32_1.0.200.202406191623/tools/bin/../lib/gcc/arm-none-eabi/12.3.1/../../../../arm-none-eabi/lib/thumb/v7-m/nofp\libc_nano.a(libc_a-stdio.o)
                              D:/STM32CubeIDE/install/STM32CubeIDE_1.16.0/STM32CubeIDE/plugins/com.st.stm32cube.ide.mcu.externaltools.gnu-tools-for-stm32.12.3.rel1.win32_1.0.200.202406191623/tools/bin/../lib/gcc/arm-none-eabi/12.3.1/../../../../arm-none-eabi/lib/thumb/v7-m/nofp\libc_nano.a(libc_a-findfp.o) (__sread)
D:/STM32CubeIDE/install/STM32CubeIDE_1.16.0/STM32CubeIDE/plugins/com.st.stm32cube.ide.mcu.externaltools.gnu-tools-for-stm32.12.3.rel1.win32_1.0.200.202406191623/tools/bin/../lib/gcc/arm-none-eabi/12.3.1/../../../../arm-none-eabi/lib/thumb/v7-m/nofp\libc_nano.a(libc_a-memset.o)
                              D:/STM32CubeIDE/install/STM32CubeIDE_1.16.0/STM32CubeIDE/plugins/com.st.stm32cube.ide.mcu.externaltools.gnu-tools-for-stm32.12.3.rel1.win32_1.0.200.202406191623/tools/bin/../lib/gcc/arm-none-eabi/12.3.1/../../../../arm-none-eabi/lib/thumb/v7-m/nofp/crt0.o (memset)
D:/STM32CubeIDE/install/STM32CubeIDE_1.16.0/STM32CubeIDE/plugins/com.st.stm32cube.ide.mcu.externaltools.gnu-tools-for-stm32.12.3.rel1.win32_1.0.200.202406191623/tools/bin/../lib/gcc/arm-none-eabi/12.3.1/../../../../arm-none-eabi/lib/thumb/v7-m/nofp\libc_nano.a(libc_a-closer.o)
                              D:/STM32CubeIDE/install/STM32CubeIDE_1.16.0/STM32CubeIDE/plugins/com.st.stm32cube.ide.mcu.externaltools.gnu-tools-for-stm32.12.3.rel1.win32_1.0.200.202406191623/tools/bin/../lib/gcc/arm-none-eabi/12.3.1/../../../../arm-none-eabi/lib/thumb/v7-m/nofp\libc_nano.a(libc_a-stdio.o) (_close_r)
D:/STM32CubeIDE/install/STM32CubeIDE_1.16.0/STM32CubeIDE/plugins/com.st.stm32cube.ide.mcu.externaltools.gnu-tools-for-stm32.12.3.rel1.win32_1.0.200.202406191623/tools/bin/../lib/gcc/arm-none-eabi/12.3.1/../../../../arm-none-eabi/lib/thumb/v7-m/nofp\libc_nano.a(libc_a-reent.o)
                              D:/STM32CubeIDE/install/STM32CubeIDE_1.16.0/STM32CubeIDE/plugins/com.st.stm32cube.ide.mcu.externaltools.gnu-tools-for-stm32.12.3.rel1.win32_1.0.200.202406191623/tools/bin/../lib/gcc/arm-none-eabi/12.3.1/../../../../arm-none-eabi/lib/thumb/v7-m/nofp\libc_nano.a(libc_a-closer.o) (errno)
D:/STM32CubeIDE/install/STM32CubeIDE_1.16.0/STM32CubeIDE/plugins/com.st.stm32cube.ide.mcu.externaltools.gnu-tools-for-stm32.12.3.rel1.win32_1.0.200.202406191623/tools/bin/../lib/gcc/arm-none-eabi/12.3.1/../../../../arm-none-eabi/lib/thumb/v7-m/nofp\libc_nano.a(libc_a-impure.o)
                              D:/STM32CubeIDE/install/STM32CubeIDE_1.16.0/STM32CubeIDE/plugins/com.st.stm32cube.ide.mcu.externaltools.gnu-tools-for-stm32.12.3.rel1.win32_1.0.200.202406191623/tools/bin/../lib/gcc/arm-none-eabi/12.3.1/../../../../arm-none-eabi/lib/thumb/v7-m/nofp\libc_nano.a(libc_a-reent.o) (_impure_ptr)
[...]
Memory Configuration

Name             Origin             Length             Attributes
RAM              0x20000000         0x00005000         xrw
FLASH            0x08000000         0x00010000         xr
*default*        0x00000000         0xffffffff

Linker script and memory map

LOAD D:/STM32CubeIDE/install/STM32CubeIDE_1.16.0/STM32CubeIDE/plugins/com.st.stm32cube.ide.mcu.externaltools.gnu-tools-for-stm32.12.3.rel1.win32_1.0.200.202406191623/tools/bin/../lib/gcc/arm-none-eabi/12.3.1/thumb/v7-m/nofp/crti.o
LOAD D:/STM32CubeIDE/install/STM32CubeIDE_1.16.0/STM32CubeIDE/plugins/com.st.stm32cube.ide.mcu.externaltools.gnu-tools-for-stm32.12.3.rel1.win32_1.0.200.202406191623/tools/bin/../lib/gcc/arm-none-eabi/12.3.1/thumb/v7-m/nofp/crtbegin.o
LOAD D:/STM32CubeIDE/install/STM32CubeIDE_1.16.0/STM32CubeIDE/plugins/com.st.stm32cube.ide.mcu.externaltools.gnu-tools-for-stm32.12.3.rel1.win32_1.0.200.202406191623/tools/bin/../lib/gcc/arm-none-eabi/12.3.1/../../../../arm-none-eabi/lib/thumb/v7-m/nofp/crt0.o
LOAD ./BSP/master_to_load.o
LOAD ./BSP/master_to_motordriver.o
LOAD ./BSP/modbus_rtu_base.o
LOAD ./BSP/slave_to_plc.o
LOAD ./Core/Src/dma.o
LOAD ./Core/Src/freertos.o
LOAD ./Core/Src/gpio.o
LOAD ./Core/Src/main.o
LOAD ./Core/Src/stm32f1xx_hal_msp.o
LOAD ./Core/Src/stm32f1xx_hal_timebase_tim.o
LOAD ./Core/Src/stm32f1xx_it.o
LOAD ./Core/Src/syscalls.o
LOAD ./Core/Src/sysmem.o
LOAD ./Core/Src/system_stm32f1xx.o
LOAD ./Core/Src/tim.o
LOAD ./Core/Src/usart.o
LOAD ./Core/Startup/startup_stm32f103c8tx.o
LOAD ./Drivers/STM32F1xx_HAL_Driver/Src/stm32f1xx_hal.o
LOAD ./Drivers/STM32F1xx_HAL_Driver/Src/stm32f1xx_hal_cortex.o
LOAD ./Drivers/STM32F1xx_HAL_Driver/Src/stm32f1xx_hal_dma.o
LOAD ./Drivers/STM32F1xx_HAL_Driver/Src/stm32f1xx_hal_exti.o
LOAD ./Drivers/STM32F1xx_HAL_Driver/Src/stm32f1xx_hal_flash.o
LOAD ./Drivers/STM32F1xx_HAL_Driver/Src/stm32f1xx_hal_flash_ex.o
LOAD ./Drivers/STM32F1xx_HAL_Driver/Src/stm32f1xx_hal_gpio.o
LOAD ./Drivers/STM32F1xx_HAL_Driver/Src/stm32f1xx_hal_gpio_ex.o
LOAD ./Drivers/STM32F1xx_HAL_Driver/Src/stm32f1xx_hal_pwr.o
LOAD ./Drivers/STM32F1xx_HAL_Driver/Src/stm32f1xx_hal_rcc.o
LOAD ./Drivers/STM32F1xx_HAL_Driver/Src/stm32f1xx_hal_rcc_ex.o
LOAD ./Drivers/STM32F1xx_HAL_Driver/Src/stm32f1xx_hal_tim.o
LOAD ./Drivers/STM32F1xx_HAL_Driver/Src/stm32f1xx_hal_tim_ex.o
LOAD ./Drivers/STM32F1xx_HAL_Driver/Src/stm32f1xx_hal_uart.o
LOAD ./Middlewares/Third_Party/FreeRTOS/Source/CMSIS_RTOS_V2/cmsis_os2.o
LOAD ./Middlewares/Third_Party/FreeRTOS/Source/croutine.o
LOAD ./Middlewares/Third_Party/FreeRTOS/Source/event_groups.o
LOAD ./Middlewares/Third_Party/FreeRTOS/Source/list.o
LOAD ./Middlewares/Third_Party/FreeRTOS/Source/queue.o
LOAD ./Middlewares/Third_Party/FreeRTOS/Source/stream_buffer.o
LOAD ./Middlewares/Third_Party/FreeRTOS/Source/tasks.o
LOAD ./Middlewares/Third_Party/FreeRTOS/Source/timers.o
LOAD ./Middlewares/Third_Party/FreeRTOS/Source/portable/GCC/ARM_CM3/port.o
LOAD ./Middlewares/Third_Party/FreeRTOS/Source/portable/MemMang/heap_4.o
START GROUP
LOAD D:/STM32CubeIDE/install/STM32CubeIDE_1.16.0/STM32CubeIDE/plugins/com.st.stm32cube.ide.mcu.externaltools.gnu-tools-for-stm32.12.3.rel1.win32_1.0.200.202406191623/tools/bin/../lib/gcc/arm-none-eabi/12.3.1/../../../../arm-none-eabi/lib/thumb/v7-m/nofp\libc_nano.a
LOAD D:/STM32CubeIDE/install/STM32CubeIDE_1.16.0/STM32CubeIDE/plugins/com.st.stm32cube.ide.mcu.externaltools.gnu-tools-for-stm32.12.3.rel1.win32_1.0.200.202406191623/tools/bin/../lib/gcc/arm-none-eabi/12.3.1/../../../../arm-none-eabi/lib/thumb/v7-m/nofp\libm.a
END GROUP
START GROUP
LOAD D:/STM32CubeIDE/install/STM32CubeIDE_1.16.0/STM32CubeIDE/plugins/com.st.stm32cube.ide.mcu.externaltools.gnu-tools-for-stm32.12.3.rel1.win32_1.0.200.202406191623/tools/bin/../lib/gcc/arm-none-eabi/12.3.1/thumb/v7-m/nofp\libgcc.a
LOAD D:/STM32CubeIDE/install/STM32CubeIDE_1.16.0/STM32CubeIDE/plugins/com.st.stm32cube.ide.mcu.externaltools.gnu-tools-for-stm32.12.3.rel1.win32_1.0.200.202406191623/tools/bin/../lib/gcc/arm-none-eabi/12.3.1/../../../../arm-none-eabi/lib/thumb/v7-m/nofp\libc_nano.a
END GROUP
START GROUP
LOAD D:/STM32CubeIDE/install/STM32CubeIDE_1.16.0/STM32CubeIDE/plugins/com.st.stm32cube.ide.mcu.externaltools.gnu-tools-for-stm32.12.3.rel1.win32_1.0.200.202406191623/tools/bin/../lib/gcc/arm-none-eabi/12.3.1/thumb/v7-m/nofp\libgcc.a
LOAD D:/STM32CubeIDE/install/STM32CubeIDE_1.16.0/STM32CubeIDE/plugins/com.st.stm32cube.ide.mcu.externaltools.gnu-tools-for-stm32.12.3.rel1.win32_1.0.200.202406191623/tools/bin/../lib/gcc/arm-none-eabi/12.3.1/../../../../arm-none-eabi/lib/thumb/v7-m/nofp\libc_nano.a
LOAD D:/STM32CubeIDE/install/STM32CubeIDE_1.16.0/STM32CubeIDE/plugins/com.st.stm32cube.ide.mcu.externaltools.gnu-tools-for-stm32.12.3.rel1.win32_1.0.200.202406191623/tools/bin/../lib/gcc/arm-none-eabi/12.3.1/../../../../arm-none-eabi/lib/thumb/v7-m/nofp\libnosys.a
END GROUP
START GROUP
LOAD D:/STM32CubeIDE/install/STM32CubeIDE_1.16.0/STM32CubeIDE/plugins/com.st.stm32cube.ide.mcu.externaltools.gnu-tools-for-stm32.12.3.rel1.win32_1.0.200.202406191623/tools/bin/../lib/gcc/arm-none-eabi/12.3.1/thumb/v7-m/nofp\libgcc.a
LOAD D:/STM32CubeIDE/install/STM32CubeIDE_1.16.0/STM32CubeIDE/plugins/com.st.stm32cube.ide.mcu.externaltools.gnu-tools-for-stm32.12.3.rel1.win32_1.0.200.202406191623/tools/bin/../lib/gcc/arm-none-eabi/12.3.1/../../../../arm-none-eabi/lib/thumb/v7-m/nofp\libc_nano.a
LOAD D:/STM32CubeIDE/install/STM32CubeIDE_1.16.0/STM32CubeIDE/plugins/com.st.stm32cube.ide.mcu.externaltools.gnu-tools-for-stm32.12.3.rel1.win32_1.0.200.202406191623/tools/bin/../lib/gcc/arm-none-eabi/12.3.1/../../../../arm-none-eabi/lib/thumb/v7-m/nofp\libnosys.a
END GROUP
LOAD D:/STM32CubeIDE/install/STM32CubeIDE_1.16.0/STM32CubeIDE/plugins/com.st.stm32cube.ide.mcu.externaltools.gnu-tools-for-stm32.12.3.rel1.win32_1.0.200.202406191623/tools/bin/../lib/gcc/arm-none-eabi/12.3.1/thumb/v7-m/nofp/crtend.o
LOAD D:/STM32CubeIDE/install/STM32CubeIDE_1.16.0/STM32CubeIDE/plugins/com.st.stm32cube.ide.mcu.externaltools.gnu-tools-for-stm32.12.3.rel1.win32_1.0.200.202406191623/tools/bin/../lib/gcc/arm-none-eabi/12.3.1/thumb/v7-m/nofp/crtn.o
                0x20005000                        _estack = (ORIGIN (RAM) + LENGTH (RAM))
                0x00000200                        _Min_Heap_Size = 0x200
                0x00000400                        _Min_Stack_Size = 0x400

.isr_vector     0x08000000      0x10c
                0x08000000                        . = ALIGN (0x4)
 *(.isr_vector)
 .isr_vector    0x08000000      0x10c ./Core/Startup/startup_stm32f103c8tx.o
                0x08000000                g_pfnVectors
                0x0800010c                        . = ALIGN (0x4)

.text           0x08000110     0x8b48
                0x08000110                        . = ALIGN (0x4)
 *(.text)
 .text          0x08000110       0x40 D:/STM32CubeIDE/install/STM32CubeIDE_1.16.0/STM32CubeIDE/plugins/com.st.stm32cube.ide.mcu.externaltools.gnu-tools-for-stm32.12.3.rel1.win32_1.0.200.202406191623/tools/bin/../lib/gcc/arm-none-eabi/12.3.1/thumb/v7-m/nofp/crtbegin.o
 *(.text*)
 .text.LoadInit
                0x08000150       0x1c ./BSP/master_to_load.o
                0x08000150                LoadInit
 .text.LoadStatusInit
                0x0800016c       0xec ./BSP/master_to_load.o
                0x0800016c                LoadStatusInit
 .text.ProcessData_RecvFromLoad
                0x08000258      0x14c ./BSP/master_to_load.o
                0x08000258                ProcessData_RecvFromLoad
 .text.ProcessData_TransToLoad
                0x080003a4      0x308 ./BSP/master_to_load.o
                0x080003a4                ProcessData_TransToLoad
 .text.MotorDriverInit
                0x080006ac       0x20 ./BSP/master_to_motordriver.o
                0x080006ac                MotorDriverInit
 .text.ProcessData_RecvFromMotorDriver
                0x080006cc      0x1c0 ./BSP/master_to_motordriver.o
                0x080006cc                ProcessData_RecvFromMotorDriver
 .text.ProcessData_TransToMotorDriver
                0x0800088c      0x594 ./BSP/master_to_motordriver.o
                0x0800088c                ProcessData_TransToMotorDriver
 .text.CRCCalc  0x08000e20       0x4c ./BSP/modbus_rtu_base.o
                0x08000e20                CRCCalc
 .text.SendModbusFrame
                0x08000e6c       0x58 ./BSP/modbus_rtu_base.o
                0x08000e6c                SendModbusFrame
 .text.UART_SendDataWithSemaphore
                0x08000ec4       0x54 ./BSP/modbus_rtu_base.o
                0x08000ec4                UART_SendDataWithSemaphore
 .text.ModbusRtuSlaveInit
                0x08000f18       0x30 ./BSP/slave_to_plc.o
                0x08000f18                ModbusRtuSlaveInit
 .text.ProcessData_RecvFromPLC
                0x08000f48       0xa0 ./BSP/slave_to_plc.o
                0x08000f48                ProcessData_RecvFromPLC
 .text.ProcessFuncNum_RecvFromPLC
                0x08000fe8      0x4dc ./BSP/slave_to_plc.o
                0x08000fe8                ProcessFuncNum_RecvFromPLC
 .text.CommuErrorTrs
                0x080014c4       0xb0 ./BSP/slave_to_plc.o
                0x080014c4                CommuErrorTrs
 .text.MX_DMA_Init
                0x08001574       0x8c ./Core/Src/dma.o
                0x08001574                MX_DMA_Init
 .text.MX_FREERTOS_Init
                0x08001600       0xac ./Core/Src/freertos.o
                0x08001600                MX_FREERTOS_Init
 .text.Start_RecvData
                0x080016ac      0x198 ./Core/Src/freertos.o
                0x080016ac                Start_RecvData
 .text.Start_Process_Data
                0x08001844       0x44 ./Core/Src/freertos.o
                0x08001844                Start_Process_Data
 .text.Start_MonitorMotor_Data
                0x08001888      0x124 ./Core/Src/freertos.o
                0x08001888                Start_MonitorMotor_Data
 .text.Start_Control_Load
                0x080019ac      0x3b0 ./Core/Src/freertos.o
                0x080019ac                Start_Control_Load
 .text.Start_Main_Control
                0x08001d5c       0x3c ./Core/Src/freertos.o
                0x08001d5c                Start_Main_Control
 .text.MX_GPIO_Init
                0x08001d98       0x5c ./Core/Src/gpio.o
                0x08001d98                MX_GPIO_Init
 .text.HAL_UARTEx_RxEventCallback
                0x08001df4       0xc8 ./Core/Src/main.o
                0x08001df4                HAL_UARTEx_RxEventCallback
 .text.main     0x08001ebc       0xd0 ./Core/Src/main.o
                0x08001ebc                main
 .text.SystemClock_Config
                0x08001f8c       0x8a ./Core/Src/main.o
                0x08001f8c                SystemClock_Config
 *fill*         0x08002016        0x2 
 .text.HAL_TIM_PeriodElapsedCallback
                0x08002018       0xa0 ./Core/Src/main.o
                0x08002018                HAL_TIM_PeriodElapsedCallback
 .text.Error_Handler
                0x080020b8        0xc ./Core/Src/main.o
                0x080020b8                Error_Handler
 .text.HAL_MspInit
                0x080020c4       0x70 ./Core/Src/stm32f1xx_hal_msp.o
                0x080020c4                HAL_MspInit
 .text.HAL_InitTick
                0x08002134       0xe4 ./Core/Src/stm32f1xx_hal_timebase_tim.o
                0x08002134                HAL_InitTick
 .text.NMI_Handler
                0x08002218        0x8 ./Core/Src/stm32f1xx_it.o
                0x08002218                NMI_Handler
 .text.HardFault_Handler
                0x08002220        0x8 ./Core/Src/stm32f1xx_it.o
                0x08002220                HardFault_Handler
 .text.MemManage_Handler
                0x08002228        0x8 ./Core/Src/stm32f1xx_it.o
                0x08002228                MemManage_Handler
 .text.BusFault_Handler
                0x08002230        0x8 ./Core/Src/stm32f1xx_it.o
                0x08002230                BusFault_Handler
 .text.UsageFault_Handler
                0x08002238        0x8 ./Core/Src/stm32f1xx_it.o
                0x08002238                UsageFault_Handler
 .text.DebugMon_Handler
                0x08002240        0xc ./Core/Src/stm32f1xx_it.o
                0x08002240                DebugMon_Handler
 .text.DMA1_Channel2_IRQHandler
                0x0800224c       0x14 ./Core/Src/stm32f1xx_it.o
                0x0800224c                DMA1_Channel2_IRQHandler
 .text.DMA1_Channel3_IRQHandler
                0x08002260       0x14 ./Core/Src/stm32f1xx_it.o
                0x08002260                DMA1_Channel3_IRQHandler
 .text.DMA1_Channel4_IRQHandler
                0x08002274       0x14 ./Core/Src/stm32f1xx_it.o
                0x08002274                DMA1_Channel4_IRQHandler
 .text.DMA1_Channel5_IRQHandler
                0x08002288       0x14 ./Core/Src/stm32f1xx_it.o
                0x08002288                DMA1_Channel5_IRQHandler
 .text.DMA1_Channel6_IRQHandler
                0x0800229c       0x14 ./Core/Src/stm32f1xx_it.o
                0x0800229c                DMA1_Channel6_IRQHandler
 .text.DMA1_Channel7_IRQHandler
                0x080022b0       0x14 ./Core/Src/stm32f1xx_it.o
                0x080022b0                DMA1_Channel7_IRQHandler
 .text.TIM1_UP_IRQHandler
                0x080022c4       0x14 ./Core/Src/stm32f1xx_it.o
                0x080022c4                TIM1_UP_IRQHandler
 .text.TIM2_IRQHandler
                0x080022d8       0x14 ./Core/Src/stm32f1xx_it.o
                0x080022d8                TIM2_IRQHandler
 .text.TIM3_IRQHandler
                0x080022ec       0x14 ./Core/Src/stm32f1xx_it.o
                0x080022ec                TIM3_IRQHandler
 .text.USART1_IRQHandler
                0x08002300       0x14 ./Core/Src/stm32f1xx_it.o
                0x08002300                USART1_IRQHandler
 .text.USART2_IRQHandler
                0x08002314       0x14 ./Core/Src/stm32f1xx_it.o
                0x08002314                USART2_IRQHandler
 .text.USART3_IRQHandler
                0x08002328       0x14 ./Core/Src/stm32f1xx_it.o
                0x08002328                USART3_IRQHandler
 .text.SystemInit
                0x0800233c        0xc ./Core/Src/system_stm32f1xx.o
                0x0800233c                SystemInit
 .text.MX_TIM2_Init
                0x08002348       0x9c ./Core/Src/tim.o
                0x08002348                MX_TIM2_Init
 .text.MX_TIM3_Init
                0x080023e4       0x9c ./Core/Src/tim.o
                0x080023e4                MX_TIM3_Init
 .text.HAL_TIM_Base_MspInit
                0x08002480       0x80 ./Core/Src/tim.o
                0x08002480                HAL_TIM_Base_MspInit
 .text.MX_USART1_UART_Init
                0x08002500       0x54 ./Core/Src/usart.o
                0x08002500                MX_USART1_UART_Init
 .text.MX_USART2_UART_Init
                0x08002554       0x58 ./Core/Src/usart.o
                0x08002554                MX_USART2_UART_Init
 .text.MX_USART3_UART_Init
                0x080025ac       0x54 ./Core/Src/usart.o
                0x080025ac                MX_USART3_UART_Init
 .text.HAL_UART_MspInit
                0x08002600      0x3bc ./Core/Src/usart.o
                0x08002600                HAL_UART_MspInit
 .text.Reset_Handler
                0x080029bc       0x48 ./Core/Startup/startup_stm32f103c8tx.o
                0x080029bc                Reset_Handler
 .text.Default_Handler
                0x08002a04        0x2 ./Core/Startup/startup_stm32f103c8tx.o
                0x08002a04                RTC_Alarm_IRQHandler
                0x08002a04                EXTI2_IRQHandler
                0x08002a04                TIM1_CC_IRQHandler
                0x08002a04                PVD_IRQHandler
                0x08002a04                EXTI3_IRQHandler
                0x08002a04                EXTI0_IRQHandler
                0x08002a04                I2C2_EV_IRQHandler
                0x08002a04                ADC1_2_IRQHandler
                0x08002a04                SPI1_IRQHandler
                0x08002a04                TAMPER_IRQHandler
                0x08002a04                RTC_IRQHandler
                0x08002a04                CAN1_RX1_IRQHandler
                0x08002a04                TIM4_IRQHandler
                0x08002a04                I2C1_EV_IRQHandler
                0x08002a04                RCC_IRQHandler
                0x08002a04                TIM1_TRG_COM_IRQHandler
                0x08002a04                DMA1_Channel1_IRQHandler
                0x08002a04                Default_Handler
                0x08002a04                EXTI15_10_IRQHandler
                0x08002a04                EXTI9_5_IRQHandler
                0x08002a04                SPI2_IRQHandler
                0x08002a04                EXTI4_IRQHandler
                0x08002a04                USB_LP_CAN1_RX0_IRQHandler
                0x08002a04                USB_HP_CAN1_TX_IRQHandler
                0x08002a04                WWDG_IRQHandler
                0x08002a04                TIM1_BRK_IRQHandler
                0x08002a04                EXTI1_IRQHandler
                0x08002a04                I2C2_ER_IRQHandler
                0x08002a04                CAN1_SCE_IRQHandler
                0x08002a04                FLASH_IRQHandler
                0x08002a04                I2C1_ER_IRQHandler
                0x08002a04                USBWakeUp_IRQHandler
 *fill*         0x08002a06        0x2 
 .text.HAL_Init
                0x08002a08       0x2c ./Drivers/STM32F1xx_HAL_Driver/Src/stm32f1xx_hal.o
                0x08002a08                HAL_Init
 .text.HAL_IncTick
                0x08002a34       0x24 ./Drivers/STM32F1xx_HAL_Driver/Src/stm32f1xx_hal.o
                0x08002a34                HAL_IncTick
 .text.HAL_GetTick
                0x08002a58       0x14 ./Drivers/STM32F1xx_HAL_Driver/Src/stm32f1xx_hal.o
                0x08002a58                HAL_GetTick
 .text.HAL_Delay
                0x08002a6c       0x48 ./Drivers/STM32F1xx_HAL_Driver/Src/stm32f1xx_hal.o
                0x08002a6c                HAL_Delay
 .text.__NVIC_SetPriorityGrouping
                0x08002ab4       0x48 ./Drivers/STM32F1xx_HAL_Driver/Src/stm32f1xx_hal_cortex.o
 .text.__NVIC_GetPriorityGrouping
                0x08002afc       0x1c ./Drivers/STM32F1xx_HAL_Driver/Src/stm32f1xx_hal_cortex.o
 .text.__NVIC_EnableIRQ
                0x08002b18       0x38 ./Drivers/STM32F1xx_HAL_Driver/Src/stm32f1xx_hal_cortex.o
 .text.__NVIC_SetPriority
                0x08002b50       0x54 ./Drivers/STM32F1xx_HAL_Driver/Src/stm32f1xx_hal_cortex.o
 .text.NVIC_EncodePriority
                0x08002ba4       0x64 ./Drivers/STM32F1xx_HAL_Driver/Src/stm32f1xx_hal_cortex.o
 .text.HAL_NVIC_SetPriorityGrouping
                0x08002c08       0x16 ./Drivers/STM32F1xx_HAL_Driver/Src/stm32f1xx_hal_cortex.o
                0x08002c08                HAL_NVIC_SetPriorityGrouping
 .text.HAL_NVIC_SetPriority
                0x08002c1e       0x38 ./Drivers/STM32F1xx_HAL_Driver/Src/stm32f1xx_hal_cortex.o
                0x08002c1e                HAL_NVIC_SetPriority
 .text.HAL_NVIC_EnableIRQ
                0x08002c56       0x1c ./Drivers/STM32F1xx_HAL_Driver/Src/stm32f1xx_hal_cortex.o
                0x08002c56                HAL_NVIC_EnableIRQ
 *fill*         0x08002c72        0x2 
 .text.HAL_DMA_Init
                0x08002c74       0xb4 ./Drivers/STM32F1xx_HAL_Driver/Src/stm32f1xx_hal_dma.o
                0x08002c74                HAL_DMA_Init
 .text.HAL_DMA_Start_IT
                0x08002d28       0xc0 ./Drivers/STM32F1xx_HAL_Driver/Src/stm32f1xx_hal_dma.o
                0x08002d28                HAL_DMA_Start_IT
 .text.HAL_DMA_Abort
                0x08002de8       0x76 ./Drivers/STM32F1xx_HAL_Driver/Src/stm32f1xx_hal_dma.o
                0x08002de8                HAL_DMA_Abort
 *fill*         0x08002e5e        0x2 
 .text.HAL_DMA_Abort_IT
                0x08002e60       0xf0 ./Drivers/STM32F1xx_HAL_Driver/Src/stm32f1xx_hal_dma.o
                0x08002e60                HAL_DMA_Abort_IT
 .text.HAL_DMA_IRQHandler
                0x08002f50      0x20c ./Drivers/STM32F1xx_HAL_Driver/Src/stm32f1xx_hal_dma.o
                0x08002f50                HAL_DMA_IRQHandler
 .text.DMA_SetConfig
                0x0800315c       0x5a ./Drivers/STM32F1xx_HAL_Driver/Src/stm32f1xx_hal_dma.o
 *fill*         0x080031b6        0x2 
 .text.HAL_GPIO_Init
                0x080031b8      0x308 ./Drivers/STM32F1xx_HAL_Driver/Src/stm32f1xx_hal_gpio.o
                0x080031b8                HAL_GPIO_Init
 .text.HAL_RCC_OscConfig
                0x080034c0      0x504 ./Drivers/STM32F1xx_HAL_Driver/Src/stm32f1xx_hal_rcc.o
                0x080034c0                HAL_RCC_OscConfig
 .text.HAL_RCC_ClockConfig
                0x080039c4      0x1d4 ./Drivers/STM32F1xx_HAL_Driver/Src/stm32f1xx_hal_rcc.o
                0x080039c4                HAL_RCC_ClockConfig
 .text.HAL_RCC_GetSysClockFreq
                0x08003b98       0xa8 ./Drivers/STM32F1xx_HAL_Driver/Src/stm32f1xx_hal_rcc.o
                0x08003b98                HAL_RCC_GetSysClockFreq
 .text.HAL_RCC_GetHCLKFreq
                0x08003c40       0x14 ./Drivers/STM32F1xx_HAL_Driver/Src/stm32f1xx_hal_rcc.o
                0x08003c40                HAL_RCC_GetHCLKFreq
 .text.HAL_RCC_GetPCLK1Freq
                0x08003c54       0x28 ./Drivers/STM32F1xx_HAL_Driver/Src/stm32f1xx_hal_rcc.o
                0x08003c54                HAL_RCC_GetPCLK1Freq
 .text.HAL_RCC_GetPCLK2Freq
                0x08003c7c       0x28 ./Drivers/STM32F1xx_HAL_Driver/Src/stm32f1xx_hal_rcc.o
                0x08003c7c                HAL_RCC_GetPCLK2Freq
 .text.HAL_RCC_GetClockConfig
                0x08003ca4       0x60 ./Drivers/STM32F1xx_HAL_Driver/Src/stm32f1xx_hal_rcc.o
                0x08003ca4                HAL_RCC_GetClockConfig
 .text.RCC_Delay
                0x08003d04       0x3c ./Drivers/STM32F1xx_HAL_Driver/Src/stm32f1xx_hal_rcc.o
 .text.HAL_TIM_Base_Init
                0x08003d40       0x9e ./Drivers/STM32F1xx_HAL_Driver/Src/stm32f1xx_hal_tim.o
                0x08003d40                HAL_TIM_Base_Init
 *fill*         0x08003dde        0x2 
 .text.HAL_TIM_Base_Start_IT
                0x08003de0       0xa4 ./Drivers/STM32F1xx_HAL_Driver/Src/stm32f1xx_hal_tim.o
                0x08003de0                HAL_TIM_Base_Start_IT
 .text.HAL_TIM_IRQHandler
                0x08003e84      0x210 ./Drivers/STM32F1xx_HAL_Driver/Src/stm32f1xx_hal_tim.o
                0x08003e84                HAL_TIM_IRQHandler
 .text.HAL_TIM_ConfigClockSource
                0x08004094      0x18e ./Drivers/STM32F1xx_HAL_Driver/Src/stm32f1xx_hal_tim.o
                0x08004094                HAL_TIM_ConfigClockSource
 .text.HAL_TIM_OC_DelayElapsedCallback
                0x08004222       0x12 ./Drivers/STM32F1xx_HAL_Driver/Src/stm32f1xx_hal_tim.o
                0x08004222                HAL_TIM_OC_DelayElapsedCallback
 .text.HAL_TIM_IC_CaptureCallback
                0x08004234       0x12 ./Drivers/STM32F1xx_HAL_Driver/Src/stm32f1xx_hal_tim.o
                0x08004234                HAL_TIM_IC_CaptureCallback
 .text.HAL_TIM_PWM_PulseFinishedCallback
                0x08004246       0x12 ./Drivers/STM32F1xx_HAL_Driver/Src/stm32f1xx_hal_tim.o
                0x08004246                HAL_TIM_PWM_PulseFinishedCallback
 .text.HAL_TIM_TriggerCallback
                0x08004258       0x12 ./Drivers/STM32F1xx_HAL_Driver/Src/stm32f1xx_hal_tim.o
                0x08004258                HAL_TIM_TriggerCallback
 *fill*         0x0800426a        0x2 
 .text.TIM_Base_SetConfig
                0x0800426c       0xc4 ./Drivers/STM32F1xx_HAL_Driver/Src/stm32f1xx_hal_tim.o
                0x0800426c                TIM_Base_SetConfig
 .text.TIM_TI1_ConfigInputStage
                0x08004330       0x5c ./Drivers/STM32F1xx_HAL_Driver/Src/stm32f1xx_hal_tim.o
 .text.TIM_TI2_ConfigInputStage
                0x0800438c       0x5e ./Drivers/STM32F1xx_HAL_Driver/Src/stm32f1xx_hal_tim.o
 .text.TIM_ITRx_SetConfig
                0x080043ea       0x34 ./Drivers/STM32F1xx_HAL_Driver/Src/stm32f1xx_hal_tim.o
 .text.TIM_ETR_SetConfig
                0x0800441e       0x3e ./Drivers/STM32F1xx_HAL_Driver/Src/stm32f1xx_hal_tim.o
                0x0800441e                TIM_ETR_SetConfig
 .text.HAL_TIMEx_MasterConfigSynchronization
                0x0800445c       0xbc ./Drivers/STM32F1xx_HAL_Driver/Src/stm32f1xx_hal_tim_ex.o
                0x0800445c                HAL_TIMEx_MasterConfigSynchronization
 .text.HAL_TIMEx_CommutCallback
                0x08004518       0x12 ./Drivers/STM32F1xx_HAL_Driver/Src/stm32f1xx_hal_tim_ex.o
                0x08004518                HAL_TIMEx_CommutCallback
 .text.HAL_TIMEx_BreakCallback
                0x0800452a       0x12 ./Drivers/STM32F1xx_HAL_Driver/Src/stm32f1xx_hal_tim_ex.o
                0x0800452a                HAL_TIMEx_BreakCallback
 .text.HAL_UART_Init
                0x0800453c       0xa0 ./Drivers/STM32F1xx_HAL_Driver/Src/stm32f1xx_hal_uart.o
                0x0800453c                HAL_UART_Init
 .text.HAL_UART_Transmit_DMA
                0x080045dc       0xe0 ./Drivers/STM32F1xx_HAL_Driver/Src/stm32f1xx_hal_uart.o
                0x080045dc                HAL_UART_Transmit_DMA
 .text.HAL_UART_DMAStop
                0x080046bc       0xfe ./Drivers/STM32F1xx_HAL_Driver/Src/stm32f1xx_hal_uart.o
                0x080046bc                HAL_UART_DMAStop
 .text.HAL_UARTEx_ReceiveToIdle_DMA
                0x080047ba       0xba ./Drivers/STM32F1xx_HAL_Driver/Src/stm32f1xx_hal_uart.o
                0x080047ba                HAL_UARTEx_ReceiveToIdle_DMA
 .text.HAL_UART_IRQHandler
                0x08004874      0x524 ./Drivers/STM32F1xx_HAL_Driver/Src/stm32f1xx_hal_uart.o
                0x08004874                HAL_UART_IRQHandler
 .text.HAL_UART_TxCpltCallback
                0x08004d98       0x12 ./Drivers/STM32F1xx_HAL_Driver/Src/stm32f1xx_hal_uart.o
                0x08004d98                HAL_UART_TxCpltCallback
 .text.HAL_UART_TxHalfCpltCallback
                0x08004daa       0x12 ./Drivers/STM32F1xx_HAL_Driver/Src/stm32f1xx_hal_uart.o
                0x08004daa                HAL_UART_TxHalfCpltCallback
 .text.HAL_UART_RxCpltCallback
                0x08004dbc       0x12 ./Drivers/STM32F1xx_HAL_Driver/Src/stm32f1xx_hal_uart.o
                0x08004dbc                HAL_UART_RxCpltCallback
 .text.HAL_UART_RxHalfCpltCallback
                0x08004dce       0x12 ./Drivers/STM32F1xx_HAL_Driver/Src/stm32f1xx_hal_uart.o
                0x08004dce                HAL_UART_RxHalfCpltCallback
 .text.HAL_UART_ErrorCallback
                0x08004de0       0x12 ./Drivers/STM32F1xx_HAL_Driver/Src/stm32f1xx_hal_uart.o
                0x08004de0                HAL_UART_ErrorCallback
 .text.UART_DMATransmitCplt
                0x08004df2       0x9a ./Drivers/STM32F1xx_HAL_Driver/Src/stm32f1xx_hal_uart.o
 .text.UART_DMATxHalfCplt
                0x08004e8c       0x1c ./Drivers/STM32F1xx_HAL_Driver/Src/stm32f1xx_hal_uart.o
 .text.UART_DMAReceiveCplt
                0x08004ea8      0x12c ./Drivers/STM32F1xx_HAL_Driver/Src/stm32f1xx_hal_uart.o
 .text.UART_DMARxHalfCplt
                0x08004fd4       0x3c ./Drivers/STM32F1xx_HAL_Driver/Src/stm32f1xx_hal_uart.o
 .text.UART_DMAError
                0x08005010       0x94 ./Drivers/STM32F1xx_HAL_Driver/Src/stm32f1xx_hal_uart.o
 .text.UART_Start_Receive_DMA
                0x080050a4      0x134 ./Drivers/STM32F1xx_HAL_Driver/Src/stm32f1xx_hal_uart.o
                0x080050a4                UART_Start_Receive_DMA
 .text.UART_EndTxTransfer
                0x080051d8       0x4e ./Drivers/STM32F1xx_HAL_Driver/Src/stm32f1xx_hal_uart.o
 .text.UART_EndRxTransfer
                0x08005226       0xc4 ./Drivers/STM32F1xx_HAL_Driver/Src/stm32f1xx_hal_uart.o
 .text.UART_DMAAbortOnError
                0x080052ea       0x28 ./Drivers/STM32F1xx_HAL_Driver/Src/stm32f1xx_hal_uart.o
 .text.UART_Transmit_IT
                0x08005312       0x9e ./Drivers/STM32F1xx_HAL_Driver/Src/stm32f1xx_hal_uart.o
 .text.UART_EndTransmit_IT
                0x080053b0       0x30 ./Drivers/STM32F1xx_HAL_Driver/Src/stm32f1xx_hal_uart.o
 .text.UART_Receive_IT
                0x080053e0      0x17c ./Drivers/STM32F1xx_HAL_Driver/Src/stm32f1xx_hal_uart.o
 .text.UART_SetConfig
                0x0800555c      0x11c ./Drivers/STM32F1xx_HAL_Driver/Src/stm32f1xx_hal_uart.o
 .text.osKernelInitialize
                0x08005678       0x64 ./Middlewares/Third_Party/FreeRTOS/Source/CMSIS_RTOS_V2/cmsis_os2.o
                0x08005678                osKernelInitialize
 .text.osKernelStart
                0x080056dc       0x68 ./Middlewares/Third_Party/FreeRTOS/Source/CMSIS_RTOS_V2/cmsis_os2.o
                0x080056dc                osKernelStart
 .text.osThreadNew
                0x08005744      0x154 ./Middlewares/Third_Party/FreeRTOS/Source/CMSIS_RTOS_V2/cmsis_os2.o
                0x08005744                osThreadNew
 .text.osDelay  0x08005898       0x5c ./Middlewares/Third_Party/FreeRTOS/Source/CMSIS_RTOS_V2/cmsis_os2.o
                0x08005898                osDelay
 .text.osSemaphoreNew
                0x080058f4      0x138 ./Middlewares/Third_Party/FreeRTOS/Source/CMSIS_RTOS_V2/cmsis_os2.o
                0x080058f4                osSemaphoreNew
 .text.osSemaphoreAcquire
                0x08005a2c       0xcc ./Middlewares/Third_Party/FreeRTOS/Source/CMSIS_RTOS_V2/cmsis_os2.o
                0x08005a2c                osSemaphoreAcquire
 .text.osSemaphoreRelease
                0x08005af8       0xb0 ./Middlewares/Third_Party/FreeRTOS/Source/CMSIS_RTOS_V2/cmsis_os2.o
                0x08005af8                osSemaphoreRelease
 .text.vApplicationGetIdleTaskMemory
                0x08005ba8       0x30 ./Middlewares/Third_Party/FreeRTOS/Source/CMSIS_RTOS_V2/cmsis_os2.o
                0x08005ba8                vApplicationGetIdleTaskMemory
 .text.vApplicationGetTimerTaskMemory
                0x08005bd8       0x34 ./Middlewares/Third_Party/FreeRTOS/Source/CMSIS_RTOS_V2/cmsis_os2.o
                0x08005bd8                vApplicationGetTimerTaskMemory
 .text.vListInitialise
                0x08005c0c       0x3e ./Middlewares/Third_Party/FreeRTOS/Source/list.o
                0x08005c0c                vListInitialise
 .text.vListInitialiseItem
                0x08005c4a       0x18 ./Middlewares/Third_Party/FreeRTOS/Source/list.o
                0x08005c4a                vListInitialiseItem
 .text.vListInsertEnd
                0x08005c62       0x46 ./Middlewares/Third_Party/FreeRTOS/Source/list.o
                0x08005c62                vListInsertEnd
 .text.vListInsert
                0x08005ca8       0x70 ./Middlewares/Third_Party/FreeRTOS/Source/list.o
                0x08005ca8                vListInsert
 .text.uxListRemove
                0x08005d18       0x52 ./Middlewares/Third_Party/FreeRTOS/Source/list.o
                0x08005d18                uxListRemove
 *fill*         0x08005d6a        0x2 
 .text.xQueueGenericReset
                0x08005d6c       0xd4 ./Middlewares/Third_Party/FreeRTOS/Source/queue.o
                0x08005d6c                xQueueGenericReset
 .text.xQueueGenericCreateStatic
                0x08005e40       0xf8 ./Middlewares/Third_Party/FreeRTOS/Source/queue.o
                0x08005e40                xQueueGenericCreateStatic
 .text.xQueueGenericCreate
                0x08005f38       0x7e ./Middlewares/Third_Party/FreeRTOS/Source/queue.o
                0x08005f38                xQueueGenericCreate
 .text.prvInitialiseNewQueue
                0x08005fb6       0x46 ./Middlewares/Third_Party/FreeRTOS/Source/queue.o
 .text.xQueueCreateCountingSemaphoreStatic
                0x08005ffc       0x72 ./Middlewares/Third_Party/FreeRTOS/Source/queue.o
                0x08005ffc                xQueueCreateCountingSemaphoreStatic
 .text.xQueueCreateCountingSemaphore
                0x0800606e       0x6a ./Middlewares/Third_Party/FreeRTOS/Source/queue.o
                0x0800606e                xQueueCreateCountingSemaphore
 .text.xQueueGenericSend
                0x080060d8      0x204 ./Middlewares/Third_Party/FreeRTOS/Source/queue.o
                0x080060d8                xQueueGenericSend
 .text.xQueueGenericSendFromISR
                0x080062dc      0x136 ./Middlewares/Third_Party/FreeRTOS/Source/queue.o
                0x080062dc                xQueueGenericSendFromISR
 .text.xQueueGiveFromISR
                0x08006412      0x120 ./Middlewares/Third_Party/FreeRTOS/Source/queue.o
                0x08006412                xQueueGiveFromISR
 *fill*         0x08006532        0x2 
 .text.xQueueReceive
                0x08006534      0x1c4 ./Middlewares/Third_Party/FreeRTOS/Source/queue.o
                0x08006534                xQueueReceive
 .text.xQueueSemaphoreTake
                0x080066f8      0x220 ./Middlewares/Third_Party/FreeRTOS/Source/queue.o
                0x080066f8                xQueueSemaphoreTake
 .text.xQueueReceiveFromISR
                0x08006918      0x104 ./Middlewares/Third_Party/FreeRTOS/Source/queue.o
                0x08006918                xQueueReceiveFromISR
 .text.vQueueDelete
                0x08006a1c       0x48 ./Middlewares/Third_Party/FreeRTOS/Source/queue.o
                0x08006a1c                vQueueDelete
 .text.prvGetDisinheritPriorityAfterTimeout
                0x08006a64       0x2e ./Middlewares/Third_Party/FreeRTOS/Source/queue.o
 .text.prvCopyDataToQueue
                0x08006a92       0xd4 ./Middlewares/Third_Party/FreeRTOS/Source/queue.o
 .text.prvCopyDataFromQueue
                0x08006b66       0x4c ./Middlewares/Third_Party/FreeRTOS/Source/queue.o
 .text.prvUnlockQueue
                0x08006bb2       0xa4 ./Middlewares/Third_Party/FreeRTOS/Source/queue.o
 .text.prvIsQueueEmpty
                0x08006c56       0x2c ./Middlewares/Third_Party/FreeRTOS/Source/queue.o
 .text.prvIsQueueFull
                0x08006c82       0x30 ./Middlewares/Third_Party/FreeRTOS/Source/queue.o
 *fill*         0x08006cb2        0x2 
 .text.vQueueAddToRegistry
                0x08006cb4       0x50 ./Middlewares/Third_Party/FreeRTOS/Source/queue.o
                0x08006cb4                vQueueAddToRegistry
 .text.vQueueUnregisterQueue
                0x08006d04       0x54 ./Middlewares/Third_Party/FreeRTOS/Source/queue.o
                0x08006d04                vQueueUnregisterQueue
 .text.vQueueWaitForMessageRestricted
                0x08006d58       0x68 ./Middlewares/Third_Party/FreeRTOS/Source/queue.o
                0x08006d58                vQueueWaitForMessageRestricted
 .text.xTaskCreateStatic
                0x08006dc0       0xbe ./Middlewares/Third_Party/FreeRTOS/Source/tasks.o
                0x08006dc0                xTaskCreateStatic
 .text.xTaskCreate
                0x08006e7e       0x8a ./Middlewares/Third_Party/FreeRTOS/Source/tasks.o
                0x08006e7e                xTaskCreate
 .text.prvInitialiseNewTask
                0x08006f08      0x110 ./Middlewares/Third_Party/FreeRTOS/Source/tasks.o
 .text.prvAddNewTaskToReadyList
                0x08007018       0xe0 ./Middlewares/Third_Party/FreeRTOS/Source/tasks.o
 .text.vTaskDelay
                0x080070f8       0x6c ./Middlewares/Third_Party/FreeRTOS/Source/tasks.o
                0x080070f8                vTaskDelay
 .text.vTaskStartScheduler
                0x08007164       0xd0 ./Middlewares/Third_Party/FreeRTOS/Source/tasks.o
                0x08007164                vTaskStartScheduler
 .text.vTaskSuspendAll
                0x08007234       0x1c ./Middlewares/Third_Party/FreeRTOS/Source/tasks.o
                0x08007234                vTaskSuspendAll
 .text.xTaskResumeAll
                0x08007250      0x13c ./Middlewares/Third_Party/FreeRTOS/Source/tasks.o
                0x08007250                xTaskResumeAll
 .text.xTaskGetTickCount
                0x0800738c       0x1c ./Middlewares/Third_Party/FreeRTOS/Source/tasks.o
                0x0800738c                xTaskGetTickCount
 .text.xTaskIncrementTick
                0x080073a8      0x180 ./Middlewares/Third_Party/FreeRTOS/Source/tasks.o
                0x080073a8                xTaskIncrementTick
 .text.vTaskSwitchContext
                0x08007528       0xbc ./Middlewares/Third_Party/FreeRTOS/Source/tasks.o
                0x08007528                vTaskSwitchContext
 .text.vTaskPlaceOnEventList
                0x080075e4       0x4c ./Middlewares/Third_Party/FreeRTOS/Source/tasks.o
                0x080075e4                vTaskPlaceOnEventList
 .text.vTaskPlaceOnEventListRestricted
                0x08007630       0x58 ./Middlewares/Third_Party/FreeRTOS/Source/tasks.o
                0x08007630                vTaskPlaceOnEventListRestricted
 .text.xTaskRemoveFromEventList
                0x08007688       0xc8 ./Middlewares/Third_Party/FreeRTOS/Source/tasks.o
                0x08007688                xTaskRemoveFromEventList
 .text.vTaskInternalSetTimeOutState
                0x08007750       0x2c ./Middlewares/Third_Party/FreeRTOS/Source/tasks.o
                0x08007750                vTaskInternalSetTimeOutState
 .text.xTaskCheckForTimeOut
                0x0800777c       0xc8 ./Middlewares/Third_Party/FreeRTOS/Source/tasks.o
                0x0800777c                xTaskCheckForTimeOut
 .text.vTaskMissedYield
                0x08007844       0x18 ./Middlewares/Third_Party/FreeRTOS/Source/tasks.o
                0x08007844                vTaskMissedYield
 .text.prvIdleTask
                0x0800785c       0x30 ./Middlewares/Third_Party/FreeRTOS/Source/tasks.o
 .text.prvInitialiseTaskLists
                0x0800788c       0x80 ./Middlewares/Third_Party/FreeRTOS/Source/tasks.o
 .text.prvCheckTasksWaitingTermination
                0x0800790c       0x5c ./Middlewares/Third_Party/FreeRTOS/Source/tasks.o
 .text.prvDeleteTCB
                0x08007968       0x60 ./Middlewares/Third_Party/FreeRTOS/Source/tasks.o
 .text.prvResetNextTaskUnblockTime
                0x080079c8       0x48 ./Middlewares/Third_Party/FreeRTOS/Source/tasks.o
 .text.xTaskGetSchedulerState
                0x08007a10       0x3c ./Middlewares/Third_Party/FreeRTOS/Source/tasks.o
                0x08007a10                xTaskGetSchedulerState
 .text.xTaskPriorityInherit
                0x08007a4c       0xdc ./Middlewares/Third_Party/FreeRTOS/Source/tasks.o
                0x08007a4c                xTaskPriorityInherit
 .text.xTaskPriorityDisinherit
                0x08007b28       0xe0 ./Middlewares/Third_Party/FreeRTOS/Source/tasks.o
                0x08007b28                xTaskPriorityDisinherit
 .text.vTaskPriorityDisinheritAfterTimeout
                0x08007c08      0x110 ./Middlewares/Third_Party/FreeRTOS/Source/tasks.o
                0x08007c08                vTaskPriorityDisinheritAfterTimeout
 .text.pvTaskIncrementMutexHeldCount
                0x08007d18       0x28 ./Middlewares/Third_Party/FreeRTOS/Source/tasks.o
                0x08007d18                pvTaskIncrementMutexHeldCount
 .text.prvAddCurrentTaskToDelayedList
                0x08007d40       0xa8 ./Middlewares/Third_Party/FreeRTOS/Source/tasks.o
 .text.xTimerCreateTimerTask
                0x08007de8       0x94 ./Middlewares/Third_Party/FreeRTOS/Source/timers.o
                0x08007de8                xTimerCreateTimerTask
 .text.xTimerGenericCommand
                0x08007e7c       0x9c ./Middlewares/Third_Party/FreeRTOS/Source/timers.o
                0x08007e7c                xTimerGenericCommand
 .text.prvProcessExpiredTimer
                0x08007f18       0x84 ./Middlewares/Third_Party/FreeRTOS/Source/timers.o
 .text.prvTimerTask
                0x08007f9c       0x26 ./Middlewares/Third_Party/FreeRTOS/Source/timers.o
 *fill*         0x08007fc2        0x2 
 .text.prvProcessTimerOrBlockTask
                0x08007fc4       0x9c ./Middlewares/Third_Party/FreeRTOS/Source/timers.o
 .text.prvGetNextExpireTime
                0x08008060       0x48 ./Middlewares/Third_Party/FreeRTOS/Source/timers.o
 .text.prvSampleTimeNow
                0x080080a8       0x40 ./Middlewares/Third_Party/FreeRTOS/Source/timers.o
 .text.prvInsertTimerInActiveList
                0x080080e8       0x84 ./Middlewares/Third_Party/FreeRTOS/Source/timers.o
 .text.prvProcessReceivedCommands
                0x0800816c      0x178 ./Middlewares/Third_Party/FreeRTOS/Source/timers.o
 .text.prvSwitchTimerLists
                0x080082e4       0xc4 ./Middlewares/Third_Party/FreeRTOS/Source/timers.o
 .text.prvCheckForValidListAndQueue
                0x080083a8       0x80 ./Middlewares/Third_Party/FreeRTOS/Source/timers.o
 .text.pxPortInitialiseStack
                0x08008428       0x58 ./Middlewares/Third_Party/FreeRTOS/Source/portable/GCC/ARM_CM3/port.o
                0x08008428                pxPortInitialiseStack
 .text.prvTaskExitError
                0x08008480       0x58 ./Middlewares/Third_Party/FreeRTOS/Source/portable/GCC/ARM_CM3/port.o
 *fill*         0x080084d8        0x8 
 .text.SVC_Handler
                0x080084e0       0x28 ./Middlewares/Third_Party/FreeRTOS/Source/portable/GCC/ARM_CM3/port.o
                0x080084e0                SVC_Handler
 .text.prvPortStartFirstTask
                0x08008508       0x20 ./Middlewares/Third_Party/FreeRTOS/Source/portable/GCC/ARM_CM3/port.o
 .text.xPortStartScheduler
                0x08008528       0xe4 ./Middlewares/Third_Party/FreeRTOS/Source/portable/GCC/ARM_CM3/port.o
                0x08008528                xPortStartScheduler
 .text.vPortEnterCritical
                0x0800860c       0x60 ./Middlewares/Third_Party/FreeRTOS/Source/portable/GCC/ARM_CM3/port.o
                0x0800860c                vPortEnterCritical
 .text.vPortExitCritical
                0x0800866c       0x54 ./Middlewares/Third_Party/FreeRTOS/Source/portable/GCC/ARM_CM3/port.o
                0x0800866c                vPortExitCritical
 .text.PendSV_Handler
                0x080086c0       0x48 ./Middlewares/Third_Party/FreeRTOS/Source/portable/GCC/ARM_CM3/port.o
                0x080086c0                PendSV_Handler
 .text.SysTick_Handler
                0x08008708       0x44 ./Middlewares/Third_Party/FreeRTOS/Source/portable/GCC/ARM_CM3/port.o
                0x08008708                SysTick_Handler
 .text.vPortSetupTimerInterrupt
                0x0800874c       0x44 ./Middlewares/Third_Party/FreeRTOS/Source/portable/GCC/ARM_CM3/port.o
                0x0800874c                vPortSetupTimerInterrupt
 .text.vPortValidateInterruptPriority
                0x08008790       0x80 ./Middlewares/Third_Party/FreeRTOS/Source/portable/GCC/ARM_CM3/port.o
                0x08008790                vPortValidateInterruptPriority
 .text.pvPortMalloc
                0x08008810      0x190 ./Middlewares/Third_Party/FreeRTOS/Source/portable/MemMang/heap_4.o
                0x08008810                pvPortMalloc
 .text.vPortFree
                0x080089a0       0xb8 ./Middlewares/Third_Party/FreeRTOS/Source/portable/MemMang/heap_4.o
                0x080089a0                vPortFree
 .text.prvHeapInit
                0x08008a58       0xc4 ./Middlewares/Third_Party/FreeRTOS/Source/portable/MemMang/heap_4.o
 .text.prvInsertBlockIntoFreeList
                0x08008b1c       0xb0 ./Middlewares/Third_Party/FreeRTOS/Source/portable/MemMang/heap_4.o
 .text.memset   0x08008bcc       0x10 D:/STM32CubeIDE/install/STM32CubeIDE_1.16.0/STM32CubeIDE/plugins/com.st.stm32cube.ide.mcu.externaltools.gnu-tools-for-stm32.12.3.rel1.win32_1.0.200.202406191623/tools/bin/../lib/gcc/arm-none-eabi/12.3.1/../../../../arm-none-eabi/lib/thumb/v7-m/nofp\libc_nano.a(libc_a-memset.o)
                0x08008bcc                memset
 .text.__libc_init_array
                0x08008bdc       0x48 D:/STM32CubeIDE/install/STM32CubeIDE_1.16.0/STM32CubeIDE/plugins/com.st.stm32cube.ide.mcu.externaltools.gnu-tools-for-stm32.12.3.rel1.win32_1.0.200.202406191623/tools/bin/../lib/gcc/arm-none-eabi/12.3.1/../../../../arm-none-eabi/lib/thumb/v7-m/nofp\libc_nano.a(libc_a-init.o)
                0x08008bdc                __libc_init_array
 .text.memcpy   0x08008c24       0x1c D:/STM32CubeIDE/install/STM32CubeIDE_1.16.0/STM32CubeIDE/plugins/com.st.stm32cube.ide.mcu.externaltools.gnu-tools-for-stm32.12.3.rel1.win32_1.0.200.202406191623/tools/bin/../lib/gcc/arm-none-eabi/12.3.1/../../../../arm-none-eabi/lib/thumb/v7-m/nofp\libc_nano.a(libc_a-memcpy-stub.o)
                0x08008c24                memcpy
 *(.glue_7)
 .glue_7        0x08008c40        0x0 linker stubs
 *(.glue_7t)
 .glue_7t       0x08008c40        0x0 linker stubs
 *(.eh_frame)
 .eh_frame      0x08008c40        0x0 D:/STM32CubeIDE/install/STM32CubeIDE_1.16.0/STM32CubeIDE/plugins/com.st.stm32cube.ide.mcu.externaltools.gnu-tools-for-stm32.12.3.rel1.win32_1.0.200.202406191623/tools/bin/../lib/gcc/arm-none-eabi/12.3.1/thumb/v7-m/nofp/crtbegin.o
 *(.init)
 .init          0x08008c40        0x4 D:/STM32CubeIDE/install/STM32CubeIDE_1.16.0/STM32CubeIDE/plugins/com.st.stm32cube.ide.mcu.externaltools.gnu-tools-for-stm32.12.3.rel1.win32_1.0.200.202406191623/tools/bin/../lib/gcc/arm-none-eabi/12.3.1/thumb/v7-m/nofp/crti.o
                0x08008c40                _init
 .init          0x08008c44        0x8 D:/STM32CubeIDE/install/STM32CubeIDE_1.16.0/STM32CubeIDE/plugins/com.st.stm32cube.ide.mcu.externaltools.gnu-tools-for-stm32.12.3.rel1.win32_1.0.200.202406191623/tools/bin/../lib/gcc/arm-none-eabi/12.3.1/thumb/v7-m/nofp/crtn.o
 *(.fini)
 .fini          0x08008c4c        0x4 D:/STM32CubeIDE/install/STM32CubeIDE_1.16.0/STM32CubeIDE/plugins/com.st.stm32cube.ide.mcu.externaltools.gnu-tools-for-stm32.12.3.rel1.win32_1.0.200.202406191623/tools/bin/../lib/gcc/arm-none-eabi/12.3.1/thumb/v7-m/nofp/crti.o
                0x08008c4c                _fini
 .fini          0x08008c50        0x8 D:/STM32CubeIDE/install/STM32CubeIDE_1.16.0/STM32CubeIDE/plugins/com.st.stm32cube.ide.mcu.externaltools.gnu-tools-for-stm32.12.3.rel1.win32_1.0.200.202406191623/tools/bin/../lib/gcc/arm-none-eabi/12.3.1/thumb/v7-m/nofp/crtn.o
                0x08008c58                        . = ALIGN (0x4)
                0x08008c58                        _etext = .

.vfp11_veneer   0x08008c58        0x0
 .vfp11_veneer  0x08008c58        0x0 linker stubs

.v4_bx          0x08008c58        0x0
 .v4_bx         0x08008c58        0x0 linker stubs

.iplt           0x08008c58        0x0
 .iplt          0x08008c58        0x0 D:/STM32CubeIDE/install/STM32CubeIDE_1.16.0/STM32CubeIDE/plugins/com.st.stm32cube.ide.mcu.externaltools.gnu-tools-for-stm32.12.3.rel1.win32_1.0.200.202406191623/tools/bin/../lib/gcc/arm-none-eabi/12.3.1/thumb/v7-m/nofp/crtbegin.o

.rodata         0x08008c58      0x48c
                0x08008c58                        . = ALIGN (0x4)
 *(.rodata)
 .rodata        0x08008c58       0x40 ./BSP/master_to_load.o
 .rodata        0x08008c98       0x6d ./BSP/master_to_motordriver.o
 *fill*         0x08008d05        0x3 
 .rodata        0x08008d08       0x94 ./Core/Src/freertos.o
 .rodata        0x08008d9c        0x5 ./Middlewares/Third_Party/FreeRTOS/Source/tasks.o
 *fill*         0x08008da1        0x3 
 .rodata        0x08008da4        0xd ./Middlewares/Third_Party/FreeRTOS/Source/timers.o
 *(.rodata*)
 *fill*         0x08008db1        0x3 
 .rodata.crc16_table
                0x08008db4      0x200 ./BSP/modbus_rtu_base.o
 .rodata.send_to_motor
                0x08008fb4       0x20 ./Core/Src/freertos.o
                0x08008fb4                send_to_motor
 .rodata.send_to_load
                0x08008fd4       0x20 ./Core/Src/freertos.o
                0x08008fd4                send_to_load
 .rodata.RecvData_Task_attributes
                0x08008ff4       0x24 ./Core/Src/freertos.o
                0x08008ff4                RecvData_Task_attributes
 .rodata.ProcData_Task_attributes
                0x08009018       0x24 ./Core/Src/freertos.o
                0x08009018                ProcData_Task_attributes
 .rodata.MoniMotor_Task_attributes
                0x0800903c       0x24 ./Core/Src/freertos.o
                0x0800903c                MoniMotor_Task_attributes
 .rodata.Ctrl_Load_Task_attributes
                0x08009060       0x24 ./Core/Src/freertos.o
                0x08009060                Ctrl_Load_Task_attributes
 .rodata.Main_Ctrl_Task_attributes
                0x08009084       0x24 ./Core/Src/freertos.o
                0x08009084                Main_Ctrl_Task_attributes
 .rodata.frameSendSemaphore_attributes
                0x080090a8       0x10 ./Core/Src/freertos.o
                0x080090a8                frameSendSemaphore_attributes
 .rodata.AHBPrescTable
                0x080090b8       0x10 ./Core/Src/system_stm32f1xx.o
                0x080090b8                AHBPrescTable
 .rodata.APBPrescTable
                0x080090c8        0x8 ./Core/Src/system_stm32f1xx.o
                0x080090c8                APBPrescTable
 .rodata.aPLLMULFactorTable.1
                0x080090d0       0x10 ./Drivers/STM32F1xx_HAL_Driver/Src/stm32f1xx_hal_rcc.o
 .rodata.aPredivFactorTable.0
                0x080090e0        0x2 ./Drivers/STM32F1xx_HAL_Driver/Src/stm32f1xx_hal_rcc.o
                0x080090e4                        . = ALIGN (0x4)
 *fill*         0x080090e2        0x2 

.ARM.extab      0x080090e4        0x0
                0x080090e4                        . = ALIGN (0x4)
 *(.ARM.extab* .gnu.linkonce.armextab.*)
                0x080090e4                        . = ALIGN (0x4)

.ARM            0x080090e4        0x0
                0x080090e4                        . = ALIGN (0x4)
                0x080090e4                        __exidx_start = .
 *(.ARM.exidx*)
                0x080090e4                        __exidx_end = .
                0x080090e4                        . = ALIGN (0x4)

.preinit_array  0x080090e4        0x0
                0x080090e4                        . = ALIGN (0x4)
                0x080090e4                        PROVIDE (__preinit_array_start = .)
 *(.preinit_array*)
                0x080090e4                        PROVIDE (__preinit_array_end = .)
                0x080090e4                        . = ALIGN (0x4)

.init_array     0x080090e4        0x4
                0x080090e4                        . = ALIGN (0x4)
                0x080090e4                        PROVIDE (__init_array_start = .)
 *(SORT_BY_NAME(.init_array.*))
 *(.init_array*)
 .init_array    0x080090e4        0x4 D:/STM32CubeIDE/install/STM32CubeIDE_1.16.0/STM32CubeIDE/plugins/com.st.stm32cube.ide.mcu.externaltools.gnu-tools-for-stm32.12.3.rel1.win32_1.0.200.202406191623/tools/bin/../lib/gcc/arm-none-eabi/12.3.1/thumb/v7-m/nofp/crtbegin.o
                0x080090e8                        PROVIDE (__init_array_end = .)
                0x080090e8                        . = ALIGN (0x4)

.fini_array     0x080090e8        0x4
                0x080090e8                        . = ALIGN (0x4)
                [!provide]                        PROVIDE (__fini_array_start = .)
 *(SORT_BY_NAME(.fini_array.*))
 *(.fini_array*)
 .fini_array    0x080090e8        0x4 D:/STM32CubeIDE/install/STM32CubeIDE_1.16.0/STM32CubeIDE/plugins/com.st.stm32cube.ide.mcu.externaltools.gnu-tools-for-stm32.12.3.rel1.win32_1.0.200.202406191623/tools/bin/../lib/gcc/arm-none-eabi/12.3.1/thumb/v7-m/nofp/crtbegin.o
                [!provide]                        PROVIDE (__fini_array_end = .)
                0x080090ec                        . = ALIGN (0x4)
                0x080090ec                        _sidata = LOADADDR (.data)

.rel.dyn        0x080090ec        0x0
 .rel.iplt      0x080090ec        0x0 D:/STM32CubeIDE/install/STM32CubeIDE_1.16.0/STM32CubeIDE/plugins/com.st.stm32cube.ide.mcu.externaltools.gnu-tools-for-stm32.12.3.rel1.win32_1.0.200.202406191623/tools/bin/../lib/gcc/arm-none-eabi/12.3.1/thumb/v7-m/nofp/crtbegin.o

.data           0x20000000       0x10 load address 0x080090ec
                0x20000000                        . = ALIGN (0x4)
                0x20000000                        _sdata = .
 *(.data)
 *(.data*)
 .data.SystemCoreClock
                0x20000000        0x4 ./Core/Src/system_stm32f1xx.o
                0x20000000                SystemCoreClock
 .data.uwTickPrio
                0x20000004        0x4 ./Drivers/STM32F1xx_HAL_Driver/Src/stm32f1xx_hal.o
                0x20000004                uwTickPrio
 .data.uwTickFreq
                0x20000008        0x1 ./Drivers/STM32F1xx_HAL_Driver/Src/stm32f1xx_hal.o
                0x20000008                uwTickFreq
 *fill*         0x20000009        0x3 
 .data.uxCriticalNesting
                0x2000000c        0x4 ./Middlewares/Third_Party/FreeRTOS/Source/portable/GCC/ARM_CM3/port.o
 *(.RamFunc)
 *(.RamFunc*)
                0x20000010                        . = ALIGN (0x4)
                0x20000010                        _edata = .

.igot.plt       0x20000010        0x0 load address 0x080090fc
 .igot.plt      0x20000010        0x0 D:/STM32CubeIDE/install/STM32CubeIDE_1.16.0/STM32CubeIDE/plugins/com.st.stm32cube.ide.mcu.externaltools.gnu-tools-for-stm32.12.3.rel1.win32_1.0.200.202406191623/tools/bin/../lib/gcc/arm-none-eabi/12.3.1/thumb/v7-m/nofp/crtbegin.o

.ccmram         0x20000010       0xd0 load address 0x080090fc
 .ccmram        0x20000010       0xd0 ./Core/Src/main.o
                0x20000010                uart1_rx_buf
                0x20000090                uart2_rx_buf
                0x200000d0                uart3_rx_buf
                0x200000e0                        . = ALIGN (0x4)

.bss            0x200000e0     0x32e4 load address 0x080091cc
                0x200000e0                        _sbss = .
                0x200000e0                        __bss_start__ = _sbss
 *(.bss)
 .bss           0x200000e0       0x1c D:/STM32CubeIDE/install/STM32CubeIDE_1.16.0/STM32CubeIDE/plugins/com.st.stm32cube.ide.mcu.externaltools.gnu-tools-for-stm32.12.3.rel1.win32_1.0.200.202406191623/tools/bin/../lib/gcc/arm-none-eabi/12.3.1/thumb/v7-m/nofp/crtbegin.o
 *(.bss*)
 .bss.loadStr   0x200000fc       0x26 ./BSP/master_to_load.o
                0x200000fc                loadStr
 *fill*         0x20000122        0x2 
 .bss.motorDriverStr
                0x20000124       0x36 ./BSP/master_to_motordriver.o
                0x20000124                motorDriverStr
 .bss.prev_run_times.1
                0x2000015a        0x1 ./BSP/master_to_motordriver.o
 *fill*         0x2000015b        0x1 
 .bss.prev_duty_7_5_v.0
                0x2000015c        0x2 ./BSP/master_to_motordriver.o
 *fill*         0x2000015e        0x2 
 .bss.slaveStr  0x20000160      0x1a8 ./BSP/slave_to_plc.o
                0x20000160                slaveStr
 .bss.REC_CTRL_MOTOR_FLAG
                0x20000308        0x1 ./BSP/slave_to_plc.o
                0x20000308                REC_CTRL_MOTOR_FLAG
 .bss.REC_CTRL_LOAD_FLAG
                0x20000309        0x1 ./BSP/slave_to_plc.o
                0x20000309                REC_CTRL_LOAD_FLAG
 .bss.REC_CTRL_ARRAY_IDX
                0x2000030a        0x1 ./BSP/slave_to_plc.o
                0x2000030a                REC_CTRL_ARRAY_IDX
 *fill*         0x2000030b        0x1 
 .bss.RecvData_TaskHandle
                0x2000030c        0x4 ./Core/Src/freertos.o
                0x2000030c                RecvData_TaskHandle
 .bss.ProcData_TaskHandle
                0x20000310        0x4 ./Core/Src/freertos.o
                0x20000310                ProcData_TaskHandle
 .bss.MoniMotor_TaskHandle
                0x20000314        0x4 ./Core/Src/freertos.o
                0x20000314                MoniMotor_TaskHandle
 .bss.Ctrl_Load_TaskHandle
                0x20000318        0x4 ./Core/Src/freertos.o
                0x20000318                Ctrl_Load_TaskHandle
 .bss.Main_Ctrl_TaskHandle
                0x2000031c        0x4 ./Core/Src/freertos.o
                0x2000031c                Main_Ctrl_TaskHandle
 .bss.frameSendSemaphoreHandle
                0x20000320        0x4 ./Core/Src/freertos.o
                0x20000320                frameSendSemaphoreHandle
 .bss.uart1_rx_len
                0x20000324        0x1 ./Core/Src/main.o
                0x20000324                uart1_rx_len
 .bss.uart2_rx_len
                0x20000325        0x1 ./Core/Src/main.o
                0x20000325                uart2_rx_len
 .bss.uart3_rx_len
                0x20000326        0x1 ./Core/Src/main.o
                0x20000326                uart3_rx_len
 .bss.UART1_RX_INT_FLAG
                0x20000327        0x1 ./Core/Src/main.o
                0x20000327                UART1_RX_INT_FLAG
 .bss.UART2_RX_INT_FLAG
                0x20000328        0x1 ./Core/Src/main.o
                0x20000328                UART2_RX_INT_FLAG
 .bss.UART3_RX_INT_FLAG
                0x20000329        0x1 ./Core/Src/main.o
                0x20000329                UART3_RX_INT_FLAG
 .bss.MONITORING_MOTOR_FLAG
                0x2000032a        0x1 ./Core/Src/main.o
                0x2000032a                MONITORING_MOTOR_FLAG
 .bss.MONITORING_LOAD_FLAG
                0x2000032b        0x1 ./Core/Src/main.o
                0x2000032b                MONITORING_LOAD_FLAG
 .bss.monitoring_counter_50ms
                0x2000032c        0x1 ./Core/Src/main.o
                0x2000032c                monitoring_counter_50ms
 .bss.monitoring_counter_400ms
                0x2000032d        0x1 ./Core/Src/main.o
                0x2000032d                monitoring_counter_400ms
 .bss.load_idx.1
                0x2000032e        0x1 ./Core/Src/main.o
 .bss.motor_idx.0
                0x2000032f        0x1 ./Core/Src/main.o
 .bss.htim1     0x20000330       0x48 ./Core/Src/stm32f1xx_hal_timebase_tim.o
                0x20000330                htim1
 .bss.htim2     0x20000378       0x48 ./Core/Src/tim.o
                0x20000378                htim2
 .bss.htim3     0x200003c0       0x48 ./Core/Src/tim.o
                0x200003c0                htim3
 .bss.huart1    0x20000408       0x48 ./Core/Src/usart.o
                0x20000408                huart1
 .bss.huart2    0x20000450       0x48 ./Core/Src/usart.o
                0x20000450                huart2
 .bss.huart3    0x20000498       0x48 ./Core/Src/usart.o
                0x20000498                huart3
 .bss.hdma_usart1_rx
                0x200004e0       0x44 ./Core/Src/usart.o
                0x200004e0                hdma_usart1_rx
 .bss.hdma_usart1_tx
                0x20000524       0x44 ./Core/Src/usart.o
                0x20000524                hdma_usart1_tx
 .bss.hdma_usart2_rx
                0x20000568       0x44 ./Core/Src/usart.o
                0x20000568                hdma_usart2_rx
 .bss.hdma_usart2_tx
                0x200005ac       0x44 ./Core/Src/usart.o
                0x200005ac                hdma_usart2_tx
 .bss.hdma_usart3_rx
                0x200005f0       0x44 ./Core/Src/usart.o
                0x200005f0                hdma_usart3_rx
 .bss.hdma_usart3_tx
                0x20000634       0x44 ./Core/Src/usart.o
                0x20000634                hdma_usart3_tx
 .bss.uwTick    0x20000678        0x4 ./Drivers/STM32F1xx_HAL_Driver/Src/stm32f1xx_hal.o
                0x20000678                uwTick
 .bss.KernelState
                0x2000067c        0x4 ./Middlewares/Third_Party/FreeRTOS/Source/CMSIS_RTOS_V2/cmsis_os2.o
 .bss.Idle_TCB  0x20000680       0x5c ./Middlewares/Third_Party/FreeRTOS/Source/CMSIS_RTOS_V2/cmsis_os2.o
 .bss.Idle_Stack
                0x200006dc      0x200 ./Middlewares/Third_Party/FreeRTOS/Source/CMSIS_RTOS_V2/cmsis_os2.o
 .bss.Timer_TCB
                0x200008dc       0x5c ./Middlewares/Third_Party/FreeRTOS/Source/CMSIS_RTOS_V2/cmsis_os2.o
 .bss.Timer_Stack
                0x20000938      0x400 ./Middlewares/Third_Party/FreeRTOS/Source/CMSIS_RTOS_V2/cmsis_os2.o
 .bss.xQueueRegistry
                0x20000d38       0x40 ./Middlewares/Third_Party/FreeRTOS/Source/queue.o
                0x20000d38                xQueueRegistry
 .bss.pxCurrentTCB
                0x20000d78        0x4 ./Middlewares/Third_Party/FreeRTOS/Source/tasks.o
                0x20000d78                pxCurrentTCB
 .bss.pxReadyTasksLists
                0x20000d7c      0x460 ./Middlewares/Third_Party/FreeRTOS/Source/tasks.o
 .bss.xDelayedTaskList1
                0x200011dc       0x14 ./Middlewares/Third_Party/FreeRTOS/Source/tasks.o
 .bss.xDelayedTaskList2
                0x200011f0       0x14 ./Middlewares/Third_Party/FreeRTOS/Source/tasks.o
 .bss.pxDelayedTaskList
                0x20001204        0x4 ./Middlewares/Third_Party/FreeRTOS/Source/tasks.o
 .bss.pxOverflowDelayedTaskList
                0x20001208        0x4 ./Middlewares/Third_Party/FreeRTOS/Source/tasks.o
 .bss.xPendingReadyList
                0x2000120c       0x14 ./Middlewares/Third_Party/FreeRTOS/Source/tasks.o
 .bss.xTasksWaitingTermination
                0x20001220       0x14 ./Middlewares/Third_Party/FreeRTOS/Source/tasks.o
 .bss.uxDeletedTasksWaitingCleanUp
                0x20001234        0x4 ./Middlewares/Third_Party/FreeRTOS/Source/tasks.o
 .bss.xSuspendedTaskList
                0x20001238       0x14 ./Middlewares/Third_Party/FreeRTOS/Source/tasks.o
 .bss.uxCurrentNumberOfTasks
                0x2000124c        0x4 ./Middlewares/Third_Party/FreeRTOS/Source/tasks.o
 .bss.xTickCount
                0x20001250        0x4 ./Middlewares/Third_Party/FreeRTOS/Source/tasks.o
 .bss.uxTopReadyPriority
                0x20001254        0x4 ./Middlewares/Third_Party/FreeRTOS/Source/tasks.o
 .bss.xSchedulerRunning
                0x20001258        0x4 ./Middlewares/Third_Party/FreeRTOS/Source/tasks.o
 .bss.uxPendedTicks
                0x2000125c        0x4 ./Middlewares/Third_Party/FreeRTOS/Source/tasks.o
 .bss.xYieldPending
                0x20001260        0x4 ./Middlewares/Third_Party/FreeRTOS/Source/tasks.o
 .bss.xNumOfOverflows
                0x20001264        0x4 ./Middlewares/Third_Party/FreeRTOS/Source/tasks.o
 .bss.uxTaskNumber
                0x20001268        0x4 ./Middlewares/Third_Party/FreeRTOS/Source/tasks.o
 .bss.xNextTaskUnblockTime
                0x2000126c        0x4 ./Middlewares/Third_Party/FreeRTOS/Source/tasks.o
 .bss.xIdleTaskHandle
                0x20001270        0x4 ./Middlewares/Third_Party/FreeRTOS/Source/tasks.o
 .bss.uxSchedulerSuspended
                0x20001274        0x4 ./Middlewares/Third_Party/FreeRTOS/Source/tasks.o
 .bss.xActiveTimerList1
                0x20001278       0x14 ./Middlewares/Third_Party/FreeRTOS/Source/timers.o
 .bss.xActiveTimerList2
                0x2000128c       0x14 ./Middlewares/Third_Party/FreeRTOS/Source/timers.o
 .bss.pxCurrentTimerList
                0x200012a0        0x4 ./Middlewares/Third_Party/FreeRTOS/Source/timers.o
 .bss.pxOverflowTimerList
                0x200012a4        0x4 ./Middlewares/Third_Party/FreeRTOS/Source/timers.o
 .bss.xTimerQueue
                0x200012a8        0x4 ./Middlewares/Third_Party/FreeRTOS/Source/timers.o
 .bss.xTimerTaskHandle
                0x200012ac        0x4 ./Middlewares/Third_Party/FreeRTOS/Source/timers.o
 .bss.xLastTime.2
                0x200012b0        0x4 ./Middlewares/Third_Party/FreeRTOS/Source/timers.o
 .bss.ucStaticTimerQueueStorage.1
                0x200012b4       0xa0 ./Middlewares/Third_Party/FreeRTOS/Source/timers.o
 .bss.xStaticTimerQueue.0
                0x20001354       0x50 ./Middlewares/Third_Party/FreeRTOS/Source/timers.o
 .bss.ucMaxSysCallPriority
                0x200013a4        0x1 ./Middlewares/Third_Party/FreeRTOS/Source/portable/GCC/ARM_CM3/port.o
 *fill*         0x200013a5        0x3 
 .bss.ulMaxPRIGROUPValue
                0x200013a8        0x4 ./Middlewares/Third_Party/FreeRTOS/Source/portable/GCC/ARM_CM3/port.o
 .bss.ucHeap    0x200013ac     0x2000 ./Middlewares/Third_Party/FreeRTOS/Source/portable/MemMang/heap_4.o
 .bss.xStart    0x200033ac        0x8 ./Middlewares/Third_Party/FreeRTOS/Source/portable/MemMang/heap_4.o
 .bss.pxEnd     0x200033b4        0x4 ./Middlewares/Third_Party/FreeRTOS/Source/portable/MemMang/heap_4.o
 .bss.xFreeBytesRemaining
                0x200033b8        0x4 ./Middlewares/Third_Party/FreeRTOS/Source/portable/MemMang/heap_4.o
 .bss.xMinimumEverFreeBytesRemaining
                0x200033bc        0x4 ./Middlewares/Third_Party/FreeRTOS/Source/portable/MemMang/heap_4.o
 .bss.xBlockAllocatedBit
                0x200033c0        0x4 ./Middlewares/Third_Party/FreeRTOS/Source/portable/MemMang/heap_4.o
 *(COMMON)
                0x200033c4                        . = ALIGN (0x4)
                0x200033c4                        _ebss = .
                0x200033c4                        __bss_end__ = _ebss

._user_heap_stack
                0x200033c4      0x604 load address 0x080091cc
                0x200033c8                        . = ALIGN (0x8)
 *fill*         0x200033c4        0x4 
                [!provide]                        PROVIDE (end = .)
                0x200033c8                        PROVIDE (_end = .)
                0x200035c8                        . = (. + _Min_Heap_Size)
 *fill*         0x200033c8      0x200 
                0x200039c8                        . = (. + _Min_Stack_Size)
 *fill*         0x200035c8      0x400 
                0x200039c8                        . = ALIGN (0x8)

/DISCARD/
 libc.a(*)
 libm.a(*)
 libgcc.a(*)

.ARM.attributes
                0x00000000       0x29
 *(.ARM.attributes)
 .ARM.attributes
                0x00000000       0x1d D:/STM32CubeIDE/install/STM32CubeIDE_1.16.0/STM32CubeIDE/plugins/com.st.stm32cube.ide.mcu.externaltools.gnu-tools-for-stm32.12.3.rel1.win32_1.0.200.202406191623/tools/bin/../lib/gcc/arm-none-eabi/12.3.1/thumb/v7-m/nofp/crti.o
 .ARM.attributes
                0x0000001d       0x2d D:/STM32CubeIDE/install/STM32CubeIDE_1.16.0/STM32CubeIDE/plugins/com.st.stm32cube.ide.mcu.externaltools.gnu-tools-for-stm32.12.3.rel1.win32_1.0.200.202406191623/tools/bin/../lib/gcc/arm-none-eabi/12.3.1/thumb/v7-m/nofp/crtbegin.o
 .ARM.attributes
                0x0000004a       0x2d ./BSP/master_to_load.o
 .ARM.attributes
                0x00000077       0x2d ./BSP/master_to_motordriver.o
 .ARM.attributes
                0x000000a4       0x2d ./BSP/modbus_rtu_base.o
 .ARM.attributes
                0x000000d1       0x2d ./BSP/slave_to_plc.o
 .ARM.attributes
                0x000000fe       0x2d ./Core/Src/dma.o
 .ARM.attributes
                0x0000012b       0x2d ./Core/Src/freertos.o
 .ARM.attributes
                0x00000158       0x2d ./Core/Src/gpio.o
 .ARM.attributes
                0x00000185       0x2d ./Core/Src/main.o
 .ARM.attributes
                0x000001b2       0x2d ./Core/Src/stm32f1xx_hal_msp.o
 .ARM.attributes
                0x000001df       0x2d ./Core/Src/stm32f1xx_hal_timebase_tim.o
 .ARM.attributes
                0x0000020c       0x2d ./Core/Src/stm32f1xx_it.o
 .ARM.attributes
                0x00000239       0x2d ./Core/Src/system_stm32f1xx.o
 .ARM.attributes
                0x00000266       0x2d ./Core/Src/tim.o
 .ARM.attributes
                0x00000293       0x2d ./Core/Src/usart.o
 .ARM.attributes
                0x000002c0       0x21 ./Core/Startup/startup_stm32f103c8tx.o
 .ARM.attributes
                0x000002e1       0x2d ./Drivers/STM32F1xx_HAL_Driver/Src/stm32f1xx_hal.o
 .ARM.attributes
                0x0000030e       0x2d ./Drivers/STM32F1xx_HAL_Driver/Src/stm32f1xx_hal_cortex.o
 .ARM.attributes
                0x0000033b       0x2d ./Drivers/STM32F1xx_HAL_Driver/Src/stm32f1xx_hal_dma.o
 .ARM.attributes
                0x00000368       0x2d ./Drivers/STM32F1xx_HAL_Driver/Src/stm32f1xx_hal_gpio.o
 .ARM.attributes
                0x00000395       0x2d ./Drivers/STM32F1xx_HAL_Driver/Src/stm32f1xx_hal_rcc.o
 .ARM.attributes
                0x000003c2       0x2d ./Drivers/STM32F1xx_HAL_Driver/Src/stm32f1xx_hal_tim.o
 .ARM.attributes
                0x000003ef       0x2d ./Drivers/STM32F1xx_HAL_Driver/Src/stm32f1xx_hal_tim_ex.o
 .ARM.attributes
                0x0000041c       0x2d ./Drivers/STM32F1xx_HAL_Driver/Src/stm32f1xx_hal_uart.o
 .ARM.attributes
                0x00000449       0x2d ./Middlewares/Third_Party/FreeRTOS/Source/CMSIS_RTOS_V2/cmsis_os2.o
 .ARM.attributes
                0x00000476       0x2d ./Middlewares/Third_Party/FreeRTOS/Source/list.o
 .ARM.attributes
                0x000004a3       0x2d ./Middlewares/Third_Party/FreeRTOS/Source/queue.o
 .ARM.attributes
                0x000004d0       0x2d ./Middlewares/Third_Party/FreeRTOS/Source/tasks.o
 .ARM.attributes
                0x000004fd       0x2d ./Middlewares/Third_Party/FreeRTOS/Source/timers.o
 .ARM.attributes
                0x0000052a       0x2d ./Middlewares/Third_Party/FreeRTOS/Source/portable/GCC/ARM_CM3/port.o
 .ARM.attributes
                0x00000557       0x2d ./Middlewares/Third_Party/FreeRTOS/Source/portable/MemMang/heap_4.o
 .ARM.attributes
                0x00000584       0x2d D:/STM32CubeIDE/install/STM32CubeIDE_1.16.0/STM32CubeIDE/plugins/com.st.stm32cube.ide.mcu.externaltools.gnu-tools-for-stm32.12.3.rel1.win32_1.0.200.202406191623/tools/bin/../lib/gcc/arm-none-eabi/12.3.1/../../../../arm-none-eabi/lib/thumb/v7-m/nofp\libc_nano.a(libc_a-memset.o)
 .ARM.attributes
                0x000005b1       0x2d D:/STM32CubeIDE/install/STM32CubeIDE_1.16.0/STM32CubeIDE/plugins/com.st.stm32cube.ide.mcu.externaltools.gnu-tools-for-stm32.12.3.rel1.win32_1.0.200.202406191623/tools/bin/../lib/gcc/arm-none-eabi/12.3.1/../../../../arm-none-eabi/lib/thumb/v7-m/nofp\libc_nano.a(libc_a-init.o)
 .ARM.attributes
                0x000005de       0x2d D:/STM32CubeIDE/install/STM32CubeIDE_1.16.0/STM32CubeIDE/plugins/com.st.stm32cube.ide.mcu.externaltools.gnu-tools-for-stm32.12.3.rel1.win32_1.0.200.202406191623/tools/bin/../lib/gcc/arm-none-eabi/12.3.1/../../../../arm-none-eabi/lib/thumb/v7-m/nofp\libc_nano.a(libc_a-memcpy-stub.o)
 .ARM.attributes
                0x0000060b       0x1d D:/STM32CubeIDE/install/STM32CubeIDE_1.16.0/STM32CubeIDE/plugins/com.st.stm32cube.ide.mcu.externaltools.gnu-tools-for-stm32.12.3.rel1.win32_1.0.200.202406191623/tools/bin/../lib/gcc/arm-none-eabi/12.3.1/thumb/v7-m/nofp/crtn.o
OUTPUT(FreeRTOS_ModbusRTU.elf elf32-littlearm)
LOAD linker stubs
LOAD D:/STM32CubeIDE/install/STM32CubeIDE_1.16.0/STM32CubeIDE/plugins/com.st.stm32cube.ide.mcu.externaltools.gnu-tools-for-stm32.12.3.rel1.win32_1.0.200.202406191623/tools/bin/../lib/gcc/arm-none-eabi/12.3.1/../../../../arm-none-eabi/lib/thumb/v7-m/nofp\libc.a
LOAD D:/STM32CubeIDE/install/STM32CubeIDE_1.16.0/STM32CubeIDE/plugins/com.st.stm32cube.ide.mcu.externaltools.gnu-tools-for-stm32.12.3.rel1.win32_1.0.200.202406191623/tools/bin/../lib/gcc/arm-none-eabi/12.3.1/../../../../arm-none-eabi/lib/thumb/v7-m/nofp\libm.a
LOAD D:/STM32CubeIDE/install/STM32CubeIDE_1.16.0/STM32CubeIDE/plugins/com.st.stm32cube.ide.mcu.externaltools.gnu-tools-for-stm32.12.3.rel1.win32_1.0.200.202406191623/tools/bin/../lib/gcc/arm-none-eabi/12.3.1/thumb/v7-m/nofp\libgcc.a

.debug_info     0x00000000    0x19c8f
 .debug_info    0x00000000      0x915 ./BSP/master_to_load.o
 .debug_info    0x00000915      0xa9a ./BSP/master_to_motordriver.o
 .debug_info    0x000013af      0x74e ./BSP/modbus_rtu_base.o
 .debug_info    0x00001afd      0x879 ./BSP/slave_to_plc.o
 .debug_info    0x00002376      0x31a ./Core/Src/dma.o
 .debug_info    0x00002690      0xf5e ./Core/Src/freertos.o
 .debug_info    0x000035ee      0x1d5 ./Core/Src/gpio.o
 .debug_info    0x000037c3      0xded ./Core/Src/main.o
 .debug_info    0x000045b0      0x3b2 ./Core/Src/stm32f1xx_hal_msp.o
 .debug_info    0x00004962      0x99a ./Core/Src/stm32f1xx_hal_timebase_tim.o
 .debug_info    0x000052fc      0xa78 ./Core/Src/stm32f1xx_it.o
 .debug_info    0x00005d74      0x222 ./Core/Src/system_stm32f1xx.o
 .debug_info    0x00005f96      0xa6b ./Core/Src/tim.o
 .debug_info    0x00006a01      0xaea ./Core/Src/usart.o
 .debug_info    0x000074eb       0x30 ./Core/Startup/startup_stm32f103c8tx.o
 .debug_info    0x0000751b      0x704 ./Drivers/STM32F1xx_HAL_Driver/Src/stm32f1xx_hal.o
 .debug_info    0x00007c1f      0xa87 ./Drivers/STM32F1xx_HAL_Driver/Src/stm32f1xx_hal_cortex.o
 .debug_info    0x000086a6      0x6d2 ./Drivers/STM32F1xx_HAL_Driver/Src/stm32f1xx_hal_dma.o
 .debug_info    0x00008d78      0x5ab ./Drivers/STM32F1xx_HAL_Driver/Src/stm32f1xx_hal_gpio.o
 .debug_info    0x00009323      0x7d5 ./Drivers/STM32F1xx_HAL_Driver/Src/stm32f1xx_hal_rcc.o
 .debug_info    0x00009af8     0x293b ./Drivers/STM32F1xx_HAL_Driver/Src/stm32f1xx_hal_tim.o
 .debug_info    0x0000c433     0x149b ./Drivers/STM32F1xx_HAL_Driver/Src/stm32f1xx_hal_tim_ex.o
 .debug_info    0x0000d8ce     0x2fa8 ./Drivers/STM32F1xx_HAL_Driver/Src/stm32f1xx_hal_uart.o
 .debug_info    0x00010876     0x39bf ./Middlewares/Third_Party/FreeRTOS/Source/CMSIS_RTOS_V2/cmsis_os2.o
 .debug_info    0x00014235      0x2aa ./Middlewares/Third_Party/FreeRTOS/Source/list.o
 .debug_info    0x000144df     0x1abf ./Middlewares/Third_Party/FreeRTOS/Source/queue.o
 .debug_info    0x00015f9e     0x20e5 ./Middlewares/Third_Party/FreeRTOS/Source/tasks.o
 .debug_info    0x00018083     0x13b5 ./Middlewares/Third_Party/FreeRTOS/Source/timers.o
 .debug_info    0x00019438      0x494 ./Middlewares/Third_Party/FreeRTOS/Source/portable/GCC/ARM_CM3/port.o
 .debug_info    0x000198cc      0x3c3 ./Middlewares/Third_Party/FreeRTOS/Source/portable/MemMang/heap_4.o

.debug_abbrev   0x00000000     0x40e4
 .debug_abbrev  0x00000000      0x1fc ./BSP/master_to_load.o
 .debug_abbrev  0x000001fc      0x221 ./BSP/master_to_motordriver.o
 .debug_abbrev  0x0000041d      0x1bd ./BSP/modbus_rtu_base.o
 .debug_abbrev  0x000005da      0x1f7 ./BSP/slave_to_plc.o
 .debug_abbrev  0x000007d1      0x115 ./Core/Src/dma.o
 .debug_abbrev  0x000008e6      0x287 ./Core/Src/freertos.o
 .debug_abbrev  0x00000b6d       0xdd ./Core/Src/gpio.o
 .debug_abbrev  0x00000c4a      0x26c ./Core/Src/main.o
 .debug_abbrev  0x00000eb6      0x121 ./Core/Src/stm32f1xx_hal_msp.o
 .debug_abbrev  0x00000fd7      0x1f3 ./Core/Src/stm32f1xx_hal_timebase_tim.o
 .debug_abbrev  0x000011ca      0x1b3 ./Core/Src/stm32f1xx_it.o
 .debug_abbrev  0x0000137d      0x13f ./Core/Src/system_stm32f1xx.o
 .debug_abbrev  0x000014bc      0x21c ./Core/Src/tim.o
 .debug_abbrev  0x000016d8      0x256 ./Core/Src/usart.o
 .debug_abbrev  0x0000192e       0x24 ./Core/Startup/startup_stm32f103c8tx.o
 .debug_abbrev  0x00001952      0x201 ./Drivers/STM32F1xx_HAL_Driver/Src/stm32f1xx_hal.o
 .debug_abbrev  0x00001b53      0x2f8 ./Drivers/STM32F1xx_HAL_Driver/Src/stm32f1xx_hal_cortex.o
 .debug_abbrev  0x00001e4b      0x20b ./Drivers/STM32F1xx_HAL_Driver/Src/stm32f1xx_hal_dma.o
 .debug_abbrev  0x00002056      0x1ca ./Drivers/STM32F1xx_HAL_Driver/Src/stm32f1xx_hal_gpio.o
 .debug_abbrev  0x00002220      0x2b3 ./Drivers/STM32F1xx_HAL_Driver/Src/stm32f1xx_hal_rcc.o
 .debug_abbrev  0x000024d3      0x277 ./Drivers/STM32F1xx_HAL_Driver/Src/stm32f1xx_hal_tim.o
 .debug_abbrev  0x0000274a      0x282 ./Drivers/STM32F1xx_HAL_Driver/Src/stm32f1xx_hal_tim_ex.o
 .debug_abbrev  0x000029cc      0x2f8 ./Drivers/STM32F1xx_HAL_Driver/Src/stm32f1xx_hal_uart.o
 .debug_abbrev  0x00002cc4      0x433 ./Middlewares/Third_Party/FreeRTOS/Source/CMSIS_RTOS_V2/cmsis_os2.o
 .debug_abbrev  0x000030f7       0xf5 ./Middlewares/Third_Party/FreeRTOS/Source/list.o
 .debug_abbrev  0x000031ec      0x3ce ./Middlewares/Third_Party/FreeRTOS/Source/queue.o
 .debug_abbrev  0x000035ba      0x385 ./Middlewares/Third_Party/FreeRTOS/Source/tasks.o
 .debug_abbrev  0x0000393f      0x348 ./Middlewares/Third_Party/FreeRTOS/Source/timers.o
 .debug_abbrev  0x00003c87      0x258 ./Middlewares/Third_Party/FreeRTOS/Source/portable/GCC/ARM_CM3/port.o
 .debug_abbrev  0x00003edf      0x205 ./Middlewares/Third_Party/FreeRTOS/Source/portable/MemMang/heap_4.o

.debug_aranges  0x00000000     0x1540
 .debug_aranges
                0x00000000       0x38 ./BSP/master_to_load.o
 .debug_aranges
                0x00000038       0x30 ./BSP/master_to_motordriver.o
 .debug_aranges
                0x00000068       0x30 ./BSP/modbus_rtu_base.o
 .debug_aranges
                0x00000098       0x38 ./BSP/slave_to_plc.o
 .debug_aranges
                0x000000d0       0x20 ./Core/Src/dma.o
 .debug_aranges
                0x000000f0       0x48 ./Core/Src/freertos.o
 .debug_aranges
                0x00000138       0x20 ./Core/Src/gpio.o
 .debug_aranges
                0x00000158       0x40 ./Core/Src/main.o
 .debug_aranges
                0x00000198       0x20 ./Core/Src/stm32f1xx_hal_msp.o
 .debug_aranges
                0x000001b8       0x30 ./Core/Src/stm32f1xx_hal_timebase_tim.o
 .debug_aranges
                0x000001e8       0xa8 ./Core/Src/stm32f1xx_it.o
 .debug_aranges
                0x00000290       0x28 ./Core/Src/system_stm32f1xx.o
 .debug_aranges
                0x000002b8       0x38 ./Core/Src/tim.o
 .debug_aranges
                0x000002f0       0x40 ./Core/Src/usart.o
 .debug_aranges
                0x00000330       0x28 ./Core/Startup/startup_stm32f103c8tx.o
 .debug_aranges
                0x00000358       0xe0 ./Drivers/STM32F1xx_HAL_Driver/Src/stm32f1xx_hal.o
 .debug_aranges
                0x00000438      0x100 ./Drivers/STM32F1xx_HAL_Driver/Src/stm32f1xx_hal_cortex.o
 .debug_aranges
                0x00000538       0x80 ./Drivers/STM32F1xx_HAL_Driver/Src/stm32f1xx_hal_dma.o
 .debug_aranges
                0x000005b8       0x58 ./Drivers/STM32F1xx_HAL_Driver/Src/stm32f1xx_hal_gpio.o
 .debug_aranges
                0x00000610       0x90 ./Drivers/STM32F1xx_HAL_Driver/Src/stm32f1xx_hal_rcc.o
 .debug_aranges
                0x000006a0      0x3d0 ./Drivers/STM32F1xx_HAL_Driver/Src/stm32f1xx_hal_tim.o
 .debug_aranges
                0x00000a70      0x168 ./Drivers/STM32F1xx_HAL_Driver/Src/stm32f1xx_hal_tim_ex.o
 .debug_aranges
                0x00000bd8      0x208 ./Drivers/STM32F1xx_HAL_Driver/Src/stm32f1xx_hal_uart.o
 .debug_aranges
                0x00000de0      0x228 ./Middlewares/Third_Party/FreeRTOS/Source/CMSIS_RTOS_V2/cmsis_os2.o
 .debug_aranges
                0x00001008       0x40 ./Middlewares/Third_Party/FreeRTOS/Source/list.o
 .debug_aranges
                0x00001048      0x158 ./Middlewares/Third_Party/FreeRTOS/Source/queue.o
 .debug_aranges
                0x000011a0      0x1f8 ./Middlewares/Third_Party/FreeRTOS/Source/tasks.o
 .debug_aranges
                0x00001398       0xe0 ./Middlewares/Third_Party/FreeRTOS/Source/timers.o
 .debug_aranges
                0x00001478       0x78 ./Middlewares/Third_Party/FreeRTOS/Source/portable/GCC/ARM_CM3/port.o
 .debug_aranges
                0x000014f0       0x50 ./Middlewares/Third_Party/FreeRTOS/Source/portable/MemMang/heap_4.o

.debug_rnglists
                0x00000000     0x1070
 .debug_rnglists
                0x00000000       0x28 ./BSP/master_to_load.o
 .debug_rnglists
                0x00000028       0x21 ./BSP/master_to_motordriver.o
 .debug_rnglists
                0x00000049       0x1f ./BSP/modbus_rtu_base.o
 .debug_rnglists
                0x00000068       0x28 ./BSP/slave_to_plc.o
 .debug_rnglists
                0x00000090       0x14 ./Core/Src/dma.o
 .debug_rnglists
                0x000000a4       0x35 ./Core/Src/freertos.o
 .debug_rnglists
                0x000000d9       0x13 ./Core/Src/gpio.o
 .debug_rnglists
                0x000000ec       0x2f ./Core/Src/main.o
 .debug_rnglists
                0x0000011b       0x13 ./Core/Src/stm32f1xx_hal_msp.o
 .debug_rnglists
                0x0000012e       0x20 ./Core/Src/stm32f1xx_hal_timebase_tim.o
 .debug_rnglists
                0x0000014e       0x79 ./Core/Src/stm32f1xx_it.o
 .debug_rnglists
                0x000001c7       0x1a ./Core/Src/system_stm32f1xx.o
 .debug_rnglists
                0x000001e1       0x28 ./Core/Src/tim.o
 .debug_rnglists
                0x00000209       0x2d ./Core/Src/usart.o
 .debug_rnglists
                0x00000236       0x19 ./Core/Startup/startup_stm32f103c8tx.o
 .debug_rnglists
                0x0000024f       0xa3 ./Drivers/STM32F1xx_HAL_Driver/Src/stm32f1xx_hal.o
 .debug_rnglists
                0x000002f2       0xbb ./Drivers/STM32F1xx_HAL_Driver/Src/stm32f1xx_hal_cortex.o
 .debug_rnglists
                0x000003ad       0x64 ./Drivers/STM32F1xx_HAL_Driver/Src/stm32f1xx_hal_dma.o
 .debug_rnglists
                0x00000411       0x3f ./Drivers/STM32F1xx_HAL_Driver/Src/stm32f1xx_hal_gpio.o
 .debug_rnglists
                0x00000450       0x6c ./Drivers/STM32F1xx_HAL_Driver/Src/stm32f1xx_hal_rcc.o
 .debug_rnglists
                0x000004bc      0x31a ./Drivers/STM32F1xx_HAL_Driver/Src/stm32f1xx_hal_tim.o
 .debug_rnglists
                0x000007d6      0x125 ./Drivers/STM32F1xx_HAL_Driver/Src/stm32f1xx_hal_tim_ex.o
 .debug_rnglists
                0x000008fb      0x1bc ./Drivers/STM32F1xx_HAL_Driver/Src/stm32f1xx_hal_uart.o
 .debug_rnglists
                0x00000ab7      0x1b4 ./Middlewares/Third_Party/FreeRTOS/Source/CMSIS_RTOS_V2/cmsis_os2.o
 .debug_rnglists
                0x00000c6b       0x2b ./Middlewares/Third_Party/FreeRTOS/Source/list.o
 .debug_rnglists
                0x00000c96      0x109 ./Middlewares/Third_Party/FreeRTOS/Source/queue.o
 .debug_rnglists
                0x00000d9f      0x194 ./Middlewares/Third_Party/FreeRTOS/Source/tasks.o
 .debug_rnglists
                0x00000f33       0xab ./Middlewares/Third_Party/FreeRTOS/Source/timers.o
 .debug_rnglists
                0x00000fde       0x57 ./Middlewares/Third_Party/FreeRTOS/Source/portable/GCC/ARM_CM3/port.o
 .debug_rnglists
                0x00001035       0x3b ./Middlewares/Third_Party/FreeRTOS/Source/portable/MemMang/heap_4.o

.debug_macro    0x00000000    0x1b483
 .debug_macro   0x00000000      0x34c ./BSP/master_to_load.o
 .debug_macro   0x0000034c      0xaa8 ./BSP/master_to_load.o
 .debug_macro   0x00000df4      0x221 ./BSP/master_to_load.o
 .debug_macro   0x00001015       0x2e ./BSP/master_to_load.o
 .debug_macro   0x00001043       0x22 ./BSP/master_to_load.o
 .debug_macro   0x00001065       0x22 ./BSP/master_to_load.o
 .debug_macro   0x00001087       0x8e ./BSP/master_to_load.o
 .debug_macro   0x00001115       0x51 ./BSP/master_to_load.o
 .debug_macro   0x00001166      0x103 ./BSP/master_to_load.o
 .debug_macro   0x00001269       0x6a ./BSP/master_to_load.o
 .debug_macro   0x000012d3      0x1df ./BSP/master_to_load.o
 .debug_macro   0x000014b2       0x1c ./BSP/master_to_load.o
 .debug_macro   0x000014ce       0x22 ./BSP/master_to_load.o
 .debug_macro   0x000014f0       0xbd ./BSP/master_to_load.o
 .debug_macro   0x000015ad      0xd23 ./BSP/master_to_load.o
 .debug_macro   0x000022d0     0xe09e ./BSP/master_to_load.o
 .debug_macro   0x0001036e       0x6d ./BSP/master_to_load.o
 .debug_macro   0x000103db     0x348d ./BSP/master_to_load.o
 .debug_macro   0x00013868      0x189 ./BSP/master_to_load.o
 .debug_macro   0x000139f1       0x5c ./BSP/master_to_load.o
 .debug_macro   0x00013a4d      0x5bc ./BSP/master_to_load.o
 .debug_macro   0x00014009      0x289 ./BSP/master_to_load.o
 .debug_macro   0x00014292      0x1cb ./BSP/master_to_load.o
 .debug_macro   0x0001445d      0x114 ./BSP/master_to_load.o
 .debug_macro   0x00014571      0x1b2 ./BSP/master_to_load.o
 .debug_macro   0x00014723       0x27 ./BSP/master_to_load.o
 .debug_macro   0x0001474a      0x136 ./BSP/master_to_load.o
 .debug_macro   0x00014880      0x1bc ./BSP/master_to_load.o
 .debug_macro   0x00014a3c       0x34 ./BSP/master_to_load.o
 .debug_macro   0x00014a70       0x3c ./BSP/master_to_load.o
 .debug_macro   0x00014aac       0x57 ./BSP/master_to_load.o
 .debug_macro   0x00014b03       0x87 ./BSP/master_to_load.o
 .debug_macro   0x00014b8a      0x240 ./BSP/master_to_load.o
 .debug_macro   0x00014dca      0x140 ./BSP/master_to_load.o
 .debug_macro   0x00014f0a      0x8ed ./BSP/master_to_load.o
 .debug_macro   0x000157f7      0x28e ./BSP/master_to_load.o
 .debug_macro   0x00015a85       0x83 ./BSP/master_to_load.o
 .debug_macro   0x00015b08       0x2e ./BSP/master_to_load.o
 .debug_macro   0x00015b36       0x10 ./BSP/master_to_load.o
 .debug_macro   0x00015b46       0x61 ./BSP/master_to_load.o
 .debug_macro   0x00015ba7       0x24 ./BSP/master_to_load.o
 .debug_macro   0x00015bcb       0x43 ./BSP/master_to_load.o
 .debug_macro   0x00015c0e       0x34 ./BSP/master_to_load.o
 .debug_macro   0x00015c42       0x16 ./BSP/master_to_load.o
 .debug_macro   0x00015c58       0x43 ./BSP/master_to_load.o
 .debug_macro   0x00015c9b       0x34 ./BSP/master_to_load.o
 .debug_macro   0x00015ccf       0x10 ./BSP/master_to_load.o
 .debug_macro   0x00015cdf       0x58 ./BSP/master_to_load.o
 .debug_macro   0x00015d37       0x8e ./BSP/master_to_load.o
 .debug_macro   0x00015dc5       0x1c ./BSP/master_to_load.o
 .debug_macro   0x00015de1      0x177 ./BSP/master_to_load.o
 .debug_macro   0x00015f58      0x369 ./BSP/master_to_load.o
 .debug_macro   0x000162c1       0x10 ./BSP/master_to_load.o
 .debug_macro   0x000162d1       0x35 ./BSP/master_to_load.o
 .debug_macro   0x00016306       0x20 ./BSP/master_to_load.o
 .debug_macro   0x00016326       0x74 ./BSP/master_to_load.o
 .debug_macro   0x0001639a      0x122 ./BSP/master_to_load.o
 .debug_macro   0x000164bc      0x15a ./BSP/master_to_load.o
 .debug_macro   0x00016616       0xc2 ./BSP/master_to_load.o
 .debug_macro   0x000166d8       0x10 ./BSP/master_to_load.o
 .debug_macro   0x000166e8       0x1f ./BSP/master_to_load.o
 .debug_macro   0x00016707      0x47f ./BSP/master_to_load.o
 .debug_macro   0x00016b86       0xb5 ./BSP/master_to_load.o
 .debug_macro   0x00016c3b       0x8c ./BSP/master_to_load.o
 .debug_macro   0x00016cc7       0x91 ./BSP/master_to_load.o
 .debug_macro   0x00016d58       0x16 ./BSP/master_to_load.o
 .debug_macro   0x00016d6e      0x34c ./BSP/master_to_motordriver.o
 .debug_macro   0x000170ba       0x10 ./BSP/master_to_motordriver.o
 .debug_macro   0x000170ca      0x341 ./BSP/modbus_rtu_base.o
 .debug_macro   0x0001740b      0x34c ./BSP/slave_to_plc.o
 .debug_macro   0x00017757      0x347 ./Core/Src/dma.o
 .debug_macro   0x00017a9e      0x350 ./Core/Src/freertos.o
 .debug_macro   0x00017dee      0x122 ./Core/Src/freertos.o
 .debug_macro   0x00017f10       0x5b ./Core/Src/freertos.o
 .debug_macro   0x00017f6b       0xdd ./Core/Src/freertos.o
 .debug_macro   0x00018048      0x347 ./Core/Src/gpio.o
 .debug_macro   0x0001838f      0x37c ./Core/Src/main.o
 .debug_macro   0x0001870b      0x33d ./Core/Src/stm32f1xx_hal_msp.o
 .debug_macro   0x00018a48      0x1a3 ./Core/Src/stm32f1xx_hal_timebase_tim.o
 .debug_macro   0x00018beb      0x347 ./Core/Src/stm32f1xx_it.o
 .debug_macro   0x00018f32      0x1a3 ./Core/Src/system_stm32f1xx.o
 .debug_macro   0x000190d5      0x347 ./Core/Src/tim.o
 .debug_macro   0x0001941c      0x347 ./Core/Src/usart.o
 .debug_macro   0x00019763      0x1c7 ./Drivers/STM32F1xx_HAL_Driver/Src/stm32f1xx_hal.o
 .debug_macro   0x0001992a      0x1a3 ./Drivers/STM32F1xx_HAL_Driver/Src/stm32f1xx_hal_cortex.o
 .debug_macro   0x00019acd      0x1a3 ./Drivers/STM32F1xx_HAL_Driver/Src/stm32f1xx_hal_dma.o
 .debug_macro   0x00019c70      0x20e ./Drivers/STM32F1xx_HAL_Driver/Src/stm32f1xx_hal_gpio.o
 .debug_macro   0x00019e7e      0x1b5 ./Drivers/STM32F1xx_HAL_Driver/Src/stm32f1xx_hal_rcc.o
 .debug_macro   0x0001a033      0x1a4 ./Drivers/STM32F1xx_HAL_Driver/Src/stm32f1xx_hal_tim.o
 .debug_macro   0x0001a1d7      0x1a3 ./Drivers/STM32F1xx_HAL_Driver/Src/stm32f1xx_hal_tim_ex.o
 .debug_macro   0x0001a37a      0x1a4 ./Drivers/STM32F1xx_HAL_Driver/Src/stm32f1xx_hal_uart.o
 .debug_macro   0x0001a51e      0x247 ./Middlewares/Third_Party/FreeRTOS/Source/CMSIS_RTOS_V2/cmsis_os2.o
 .debug_macro   0x0001a765       0x10 ./Middlewares/Third_Party/FreeRTOS/Source/CMSIS_RTOS_V2/cmsis_os2.o
 .debug_macro   0x0001a775       0xb7 ./Middlewares/Third_Party/FreeRTOS/Source/CMSIS_RTOS_V2/cmsis_os2.o
 .debug_macro   0x0001a82c       0x8d ./Middlewares/Third_Party/FreeRTOS/Source/CMSIS_RTOS_V2/cmsis_os2.o
 .debug_macro   0x0001a8b9       0x9a ./Middlewares/Third_Party/FreeRTOS/Source/CMSIS_RTOS_V2/cmsis_os2.o
 .debug_macro   0x0001a953      0x187 ./Middlewares/Third_Party/FreeRTOS/Source/list.o
 .debug_macro   0x0001aada      0x212 ./Middlewares/Third_Party/FreeRTOS/Source/queue.o
 .debug_macro   0x0001acec       0x16 ./Middlewares/Third_Party/FreeRTOS/Source/queue.o
 .debug_macro   0x0001ad02      0x287 ./Middlewares/Third_Party/FreeRTOS/Source/tasks.o
 .debug_macro   0x0001af89       0x10 ./Middlewares/Third_Party/FreeRTOS/Source/tasks.o
 .debug_macro   0x0001af99      0x1ca ./Middlewares/Third_Party/FreeRTOS/Source/timers.o
 .debug_macro   0x0001b163      0x172 ./Middlewares/Third_Party/FreeRTOS/Source/portable/GCC/ARM_CM3/port.o
 .debug_macro   0x0001b2d5      0x1ae ./Middlewares/Third_Party/FreeRTOS/Source/portable/MemMang/heap_4.o

.debug_line     0x00000000    0x1f313
 .debug_line    0x00000000      0xe41 ./BSP/master_to_load.o
 .debug_line    0x00000e41      0xf87 ./BSP/master_to_motordriver.o
 .debug_line    0x00001dc8      0xc4d ./BSP/modbus_rtu_base.o
 .debug_line    0x00002a15      0xf1c ./BSP/slave_to_plc.o
 .debug_line    0x00003931      0xbd7 ./Core/Src/dma.o
 .debug_line    0x00004508      0xe7a ./Core/Src/freertos.o
 .debug_line    0x00005382      0xbcf ./Core/Src/gpio.o
 .debug_line    0x00005f51      0xd42 ./Core/Src/main.o
 .debug_line    0x00006c93      0xbd4 ./Core/Src/stm32f1xx_hal_msp.o
 .debug_line    0x00007867      0x818 ./Core/Src/stm32f1xx_hal_timebase_tim.o
 .debug_line    0x0000807f      0xd76 ./Core/Src/stm32f1xx_it.o
 .debug_line    0x00008df5      0x828 ./Core/Src/system_stm32f1xx.o
 .debug_line    0x0000961d      0xcb3 ./Core/Src/tim.o
 .debug_line    0x0000a2d0      0xe01 ./Core/Src/usart.o
 .debug_line    0x0000b0d1       0x78 ./Core/Startup/startup_stm32f103c8tx.o
 .debug_line    0x0000b149      0xa55 ./Drivers/STM32F1xx_HAL_Driver/Src/stm32f1xx_hal.o
 .debug_line    0x0000bb9e      0xc41 ./Drivers/STM32F1xx_HAL_Driver/Src/stm32f1xx_hal_cortex.o
 .debug_line    0x0000c7df      0xeae ./Drivers/STM32F1xx_HAL_Driver/Src/stm32f1xx_hal_dma.o
 .debug_line    0x0000d68d      0xaee ./Drivers/STM32F1xx_HAL_Driver/Src/stm32f1xx_hal_gpio.o
 .debug_line    0x0000e17b      0xe5e ./Drivers/STM32F1xx_HAL_Driver/Src/stm32f1xx_hal_rcc.o
 .debug_line    0x0000efd9     0x355f ./Drivers/STM32F1xx_HAL_Driver/Src/stm32f1xx_hal_tim.o
 .debug_line    0x00012538     0x19b4 ./Drivers/STM32F1xx_HAL_Driver/Src/stm32f1xx_hal_tim_ex.o
 .debug_line    0x00013eec     0x299e ./Drivers/STM32F1xx_HAL_Driver/Src/stm32f1xx_hal_uart.o
 .debug_line    0x0001688a     0x2678 ./Middlewares/Third_Party/FreeRTOS/Source/CMSIS_RTOS_V2/cmsis_os2.o
 .debug_line    0x00018f02      0x93d ./Middlewares/Third_Party/FreeRTOS/Source/list.o
 .debug_line    0x0001983f     0x1900 ./Middlewares/Third_Party/FreeRTOS/Source/queue.o
 .debug_line    0x0001b13f     0x1f75 ./Middlewares/Third_Party/FreeRTOS/Source/tasks.o
 .debug_line    0x0001d0b4      0xeda ./Middlewares/Third_Party/FreeRTOS/Source/timers.o
 .debug_line    0x0001df8e      0x883 ./Middlewares/Third_Party/FreeRTOS/Source/portable/GCC/ARM_CM3/port.o
 .debug_line    0x0001e811      0xb02 ./Middlewares/Third_Party/FreeRTOS/Source/portable/MemMang/heap_4.o

.debug_str      0x00000000    0x94077
 .debug_str     0x00000000    0x8acbe ./BSP/master_to_load.o
                              0x8b065 (size before relaxing)
 .debug_str     0x0008acbe      0x161 ./BSP/master_to_motordriver.o
                              0x8b15a (size before relaxing)
 .debug_str     0x0008ae1f       0x95 ./BSP/modbus_rtu_base.o
                              0x8b083 (size before relaxing)
 .debug_str     0x0008aeb4       0xeb ./BSP/slave_to_plc.o
                              0x8b1a9 (size before relaxing)
 .debug_str     0x0008af9f      0x305 ./Core/Src/dma.o
                              0x8ae71 (size before relaxing)
 .debug_str     0x0008b2a4     0x1075 ./Core/Src/freertos.o
                              0x8c241 (size before relaxing)
 .debug_str     0x0008c319       0x2c ./Core/Src/gpio.o
                              0x8ab6d (size before relaxing)
 .debug_str     0x0008c345      0x538 ./Core/Src/main.o
                              0x8c022 (size before relaxing)
 .debug_str     0x0008c87d       0x5a ./Core/Src/stm32f1xx_hal_msp.o
                              0x8ae8f (size before relaxing)
 .debug_str     0x0008c8d7       0xe1 ./Core/Src/stm32f1xx_hal_timebase_tim.o
                              0x83f31 (size before relaxing)
 .debug_str     0x0008c9b8      0x1e5 ./Core/Src/stm32f1xx_it.o
                              0x8b40a (size before relaxing)
 .debug_str     0x0008cb9d       0x7e ./Core/Src/system_stm32f1xx.o
                              0x83679 (size before relaxing)
 .debug_str     0x0008cc1b      0x13e ./Core/Src/tim.o
                              0x8b4cf (size before relaxing)
 .debug_str     0x0008cd59       0xce ./Core/Src/usart.o
                              0x8b40e (size before relaxing)
 .debug_str     0x0008ce27       0x44 ./Core/Startup/startup_stm32f103c8tx.o
                                 0x7d (size before relaxing)
 .debug_str     0x0008ce6b      0x340 ./Drivers/STM32F1xx_HAL_Driver/Src/stm32f1xx_hal.o
                              0x83dac (size before relaxing)
 .debug_str     0x0008d1ab      0x28b ./Drivers/STM32F1xx_HAL_Driver/Src/stm32f1xx_hal_cortex.o
                              0x83cf8 (size before relaxing)
 .debug_str     0x0008d436      0x206 ./Drivers/STM32F1xx_HAL_Driver/Src/stm32f1xx_hal_dma.o
                              0x83a22 (size before relaxing)
 .debug_str     0x0008d63c      0x31d ./Drivers/STM32F1xx_HAL_Driver/Src/stm32f1xx_hal_gpio.o
                              0x839ff (size before relaxing)
 .debug_str     0x0008d959      0x1f3 ./Drivers/STM32F1xx_HAL_Driver/Src/stm32f1xx_hal_rcc.o
                              0x83aa8 (size before relaxing)
 .debug_str     0x0008db4c      0xd9d ./Drivers/STM32F1xx_HAL_Driver/Src/stm32f1xx_hal_tim.o
                              0x84a9a (size before relaxing)
 .debug_str     0x0008e8e9      0x493 ./Drivers/STM32F1xx_HAL_Driver/Src/stm32f1xx_hal_tim_ex.o
                              0x842b6 (size before relaxing)
 .debug_str     0x0008ed7c      0x59f ./Drivers/STM32F1xx_HAL_Driver/Src/stm32f1xx_hal_uart.o
                              0x84119 (size before relaxing)
 .debug_str     0x0008f31b     0x2470 ./Middlewares/Third_Party/FreeRTOS/Source/CMSIS_RTOS_V2/cmsis_os2.o
                               0xe5aa (size before relaxing)
 .debug_str     0x0009178b      0x21b ./Middlewares/Third_Party/FreeRTOS/Source/list.o
                               0xa697 (size before relaxing)
 .debug_str     0x000919a6      0x86c ./Middlewares/Third_Party/FreeRTOS/Source/queue.o
                               0xc091 (size before relaxing)
 .debug_str     0x00092212     0x10a8 ./Middlewares/Third_Party/FreeRTOS/Source/tasks.o
                               0xcbf5 (size before relaxing)
 .debug_str     0x000932ba      0x515 ./Middlewares/Third_Party/FreeRTOS/Source/timers.o
                               0xc566 (size before relaxing)